Archive member included to satisfy reference by file (symbol)

C:\Users\Andre\Desktop\Etudes\ENS\Cours\M1 - E3A\S1\441 - Informatique Industrielle\TP\TP5\peripherals_lib\flash\libperipherals_lib.a(i2c.o)
                              ./src/lib_ENS_II1_lcd.o (I2CmasterWrite)
C:\Users\Andre\Desktop\Etudes\ENS\Cours\M1 - E3A\S1\441 - Informatique Industrielle\TP\TP5\peripherals_lib\flash\libperipherals_lib.a(swm.o)
                              ./src/UART_hexapode.o (ConfigSWM)
c:/nxp/mcuxpressoide_11.4.1_6260/ide/plugins/com.nxp.mcuxpresso.tools.win32_11.4.0.202103011116/tools/bin/../lib/gcc/arm-none-eabi/10.2.1/../../../../arm-none-eabi/lib/thumb/v6-m/nofp\libcr_semihost.a(_cr__main.o)
                              ./src/MCUXpresso_cr_startup.o (__main)
c:/nxp/mcuxpressoide_11.4.1_6260/ide/plugins/com.nxp.mcuxpresso.tools.win32_11.4.0.202103011116/tools/bin/../lib/gcc/arm-none-eabi/10.2.1/../../../../arm-none-eabi/lib/thumb/v6-m/nofp\libcr_c.a(initio.o)
                              c:/nxp/mcuxpressoide_11.4.1_6260/ide/plugins/com.nxp.mcuxpresso.tools.win32_11.4.0.202103011116/tools/bin/../lib/gcc/arm-none-eabi/10.2.1/../../../../arm-none-eabi/lib/thumb/v6-m/nofp\libcr_semihost.a(_cr__main.o) (_initio)
c:/nxp/mcuxpressoide_11.4.1_6260/ide/plugins/com.nxp.mcuxpresso.tools.win32_11.4.0.202103011116/tools/bin/../lib/gcc/arm-none-eabi/10.2.1/../../../../arm-none-eabi/lib/thumb/v6-m/nofp\libcr_c.a(setvbuf.o)
                              c:/nxp/mcuxpressoide_11.4.1_6260/ide/plugins/com.nxp.mcuxpresso.tools.win32_11.4.0.202103011116/tools/bin/../lib/gcc/arm-none-eabi/10.2.1/../../../../arm-none-eabi/lib/thumb/v6-m/nofp\libcr_c.a(initio.o) (setvbuf)
c:/nxp/mcuxpressoide_11.4.1_6260/ide/plugins/com.nxp.mcuxpresso.tools.win32_11.4.0.202103011116/tools/bin/../lib/gcc/arm-none-eabi/10.2.1/../../../../arm-none-eabi/lib/thumb/v6-m/nofp\libcr_c.a(_fdopen.o)
                              c:/nxp/mcuxpressoide_11.4.1_6260/ide/plugins/com.nxp.mcuxpresso.tools.win32_11.4.0.202103011116/tools/bin/../lib/gcc/arm-none-eabi/10.2.1/../../../../arm-none-eabi/lib/thumb/v6-m/nofp\libcr_c.a(initio.o) (_fdopen)
c:/nxp/mcuxpressoide_11.4.1_6260/ide/plugins/com.nxp.mcuxpresso.tools.win32_11.4.0.202103011116/tools/bin/../lib/gcc/arm-none-eabi/10.2.1/../../../../arm-none-eabi/lib/thumb/v6-m/nofp\libcr_c.a(fclose.o)
                              c:/nxp/mcuxpressoide_11.4.1_6260/ide/plugins/com.nxp.mcuxpresso.tools.win32_11.4.0.202103011116/tools/bin/../lib/gcc/arm-none-eabi/10.2.1/../../../../arm-none-eabi/lib/thumb/v6-m/nofp\libcr_c.a(initio.o) (fclose)
c:/nxp/mcuxpressoide_11.4.1_6260/ide/plugins/com.nxp.mcuxpresso.tools.win32_11.4.0.202103011116/tools/bin/../lib/gcc/arm-none-eabi/10.2.1/../../../../arm-none-eabi/lib/thumb/v6-m/nofp\libcr_c.a(fflush.o)
                              c:/nxp/mcuxpressoide_11.4.1_6260/ide/plugins/com.nxp.mcuxpresso.tools.win32_11.4.0.202103011116/tools/bin/../lib/gcc/arm-none-eabi/10.2.1/../../../../arm-none-eabi/lib/thumb/v6-m/nofp\libcr_c.a(fclose.o) (fflush)
c:/nxp/mcuxpressoide_11.4.1_6260/ide/plugins/com.nxp.mcuxpresso.tools.win32_11.4.0.202103011116/tools/bin/../lib/gcc/arm-none-eabi/10.2.1/../../../../arm-none-eabi/lib/thumb/v6-m/nofp\libcr_c.a(fseek.o)
                              c:/nxp/mcuxpressoide_11.4.1_6260/ide/plugins/com.nxp.mcuxpresso.tools.win32_11.4.0.202103011116/tools/bin/../lib/gcc/arm-none-eabi/10.2.1/../../../../arm-none-eabi/lib/thumb/v6-m/nofp\libcr_c.a(_fdopen.o) (fseek)
c:/nxp/mcuxpressoide_11.4.1_6260/ide/plugins/com.nxp.mcuxpresso.tools.win32_11.4.0.202103011116/tools/bin/../lib/gcc/arm-none-eabi/10.2.1/../../../../arm-none-eabi/lib/thumb/v6-m/nofp\libcr_c.a(ftell.o)
                              c:/nxp/mcuxpressoide_11.4.1_6260/ide/plugins/com.nxp.mcuxpresso.tools.win32_11.4.0.202103011116/tools/bin/../lib/gcc/arm-none-eabi/10.2.1/../../../../arm-none-eabi/lib/thumb/v6-m/nofp\libcr_c.a(fseek.o) (ftell)
c:/nxp/mcuxpressoide_11.4.1_6260/ide/plugins/com.nxp.mcuxpresso.tools.win32_11.4.0.202103011116/tools/bin/../lib/gcc/arm-none-eabi/10.2.1/../../../../arm-none-eabi/lib/thumb/v6-m/nofp\libcr_c.a(remove.o)
                              c:/nxp/mcuxpressoide_11.4.1_6260/ide/plugins/com.nxp.mcuxpresso.tools.win32_11.4.0.202103011116/tools/bin/../lib/gcc/arm-none-eabi/10.2.1/../../../../arm-none-eabi/lib/thumb/v6-m/nofp\libcr_c.a(fclose.o) (remove)
c:/nxp/mcuxpressoide_11.4.1_6260/ide/plugins/com.nxp.mcuxpresso.tools.win32_11.4.0.202103011116/tools/bin/../lib/gcc/arm-none-eabi/10.2.1/../../../../arm-none-eabi/lib/thumb/v6-m/nofp\libcr_c.a(strlen.o)
                              c:/nxp/mcuxpressoide_11.4.1_6260/ide/plugins/com.nxp.mcuxpresso.tools.win32_11.4.0.202103011116/tools/bin/../lib/gcc/arm-none-eabi/10.2.1/../../../../arm-none-eabi/lib/thumb/v6-m/nofp\libcr_c.a(remove.o) (strlen)
[...]
Memory Configuration

Name             Origin             Length             Attributes
MFlash32         0x00000000         0x00007f80         xr
RamLoc4          0x10000000         0x00001000         xrw
*default*        0x00000000         0xffffffff

Linker script and memory map

LOAD ./src/CB_RX0.o
LOAD ./src/CB_TX0.o
LOAD ./src/GPIO_hexapode.o
LOAD ./src/MCUXpresso_cr_startup.o
LOAD ./src/MCUXpresso_crp.o
LOAD ./src/MCUXpresso_mtb.o
LOAD ./src/MRT_hexapode.o
LOAD ./src/UART_hexapode.o
LOAD ./src/lib_ENS_II1_lcd.o
LOAD ./src/main.o
LOAD ./src/protocol.o
LOAD ./src/robotCommand.o
LOAD ./src/system.o
LOAD ./src/toolbox.o
LOAD C:\Users\Andre\Desktop\Etudes\ENS\Cours\M1 - E3A\S1\441 - Informatique Industrielle\TP\TP5\peripherals_lib\flash\libperipherals_lib.a
LOAD C:\Users\Andre\Desktop\Etudes\ENS\Cours\M1 - E3A\S1\441 - Informatique Industrielle\TP\TP5\utilities_lib\flash\libutilities_lib.a
START GROUP
LOAD c:/nxp/mcuxpressoide_11.4.1_6260/ide/plugins/com.nxp.mcuxpresso.tools.win32_11.4.0.202103011116/tools/bin/../lib/gcc/arm-none-eabi/10.2.1/../../../../arm-none-eabi/lib/thumb/v6-m/nofp\libcr_semihost.a
LOAD c:/nxp/mcuxpressoide_11.4.1_6260/ide/plugins/com.nxp.mcuxpresso.tools.win32_11.4.0.202103011116/tools/bin/../lib/gcc/arm-none-eabi/10.2.1/../../../../arm-none-eabi/lib/thumb/v6-m/nofp\libcr_c.a
LOAD c:/nxp/mcuxpressoide_11.4.1_6260/ide/plugins/com.nxp.mcuxpresso.tools.win32_11.4.0.202103011116/tools/bin/../lib/gcc/arm-none-eabi/10.2.1/thumb/v6-m/nofp\libcr_eabihelpers.a
LOAD c:/nxp/mcuxpressoide_11.4.1_6260/ide/plugins/com.nxp.mcuxpresso.tools.win32_11.4.0.202103011116/tools/bin/../lib/gcc/arm-none-eabi/10.2.1/thumb/v6-m/nofp\libgcc.a
END GROUP
                0x00000000                __base_MFlash32 = 0x0
                0x00000000                __base_Flash = 0x0
                0x00007f80                __top_MFlash32 = 0x7f80
                0x00007f80                __top_Flash = 0x7f80
                0x10000000                __base_RamLoc4 = 0x10000000
                0x10000000                __base_RAM = 0x10000000
                0x10001000                __top_RamLoc4 = 0x10001000
                0x10001000                __top_RAM = 0x10001000

.text           0x00000000     0x1e84
 FILL mask 0xff
                0x00000000                __vectors_start__ = ABSOLUTE (.)
 *(.isr_vector)
 .isr_vector    0x00000000       0xc0 ./src/MCUXpresso_cr_startup.o
                0x00000000                g_pfnVectors
                0x000000c0                . = ALIGN (0x4)
                0x000000c0                __section_table_start = .
                0x000000c0                __data_section_table = .
                0x000000c0        0x4 LONG 0x1e84 LOADADDR (.data)
                0x000000c4        0x4 LONG 0x10000000 ADDR (.data)
                0x000000c8        0x4 LONG 0x4 SIZEOF (.data)
                0x000000cc                __data_section_table_end = .
                0x000000cc                __bss_section_table = .
                0x000000cc        0x4 LONG 0x10000004 ADDR (.bss)
                0x000000d0        0x4 LONG 0x378 SIZEOF (.bss)
                0x000000d4                __bss_section_table_end = .
                0x000000d4                __section_table_end = .
 *(.after_vectors*)
 .after_vectors
                0x000000d4      0x11c ./src/MCUXpresso_cr_startup.o
                0x000000d4                data_init
                0x00000116                bss_init
                0x0000014c                ResetISR
                0x000001cc                NMI_Handler
                0x000001d2                HardFault_Handler
                0x000001d8                SVC_Handler
                0x000001de                PendSV_Handler
                0x000001e4                SysTick_Handler
                0x000001ea                PININT1_IRQHandler
                0x000001ea                PININT2_IRQHandler
                0x000001ea                I2C1_IRQHandler
                0x000001ea                UART1_IRQHandler
                0x000001ea                ADC_SEQB_IRQHandler
                0x000001ea                I2C0_IRQHandler
                0x000001ea                WKT_IRQHandler
                0x000001ea                PININT7_IRQHandler
                0x000001ea                CMP_IRQHandler
                0x000001ea                PININT3_IRQHandler
                0x000001ea                PININT5_IRQHandler
                0x000001ea                PININT4_IRQHandler
                0x000001ea                ADC_THCMP_IRQHandler
                0x000001ea                PININT0_IRQHandler
                0x000001ea                BOD_IRQHandler
                0x000001ea                WDT_IRQHandler
                0x000001ea                IntDefaultHandler
                0x000001ea                ADC_SEQA_IRQHandler
                0x000001ea                DAC0_IRQHandler
                0x000001ea                PININT6_IRQHandler
                0x000001ea                SPI0_IRQHandler
                0x000001ea                ADC_OVR_IRQHandler
                0x000001ea                FLASH_IRQHandler
                0x000001ea                CTIMER0_IRQHandler
                0x000002fc                . = 0x2fc
 *fill*         0x000001f0      0x10c ff
                0x000002fc                PROVIDE (__CRP_WORD_START__ = .)
 *(.crp)
 .crp           0x000002fc        0x4 ./src/MCUXpresso_crp.o
                0x000002fc                CRP_WORD
                0x00000300                PROVIDE (__CRP_WORD_END__ = .)
                0x00000001                ASSERT (! ((__CRP_WORD_START__ == __CRP_WORD_END__)), Linker CRP Enabled, but no CRP_WORD provided within application)
 *(.text*)
 .text.CB_RX0_Add
                0x00000300       0x48 ./src/CB_RX0.o
                0x00000300                CB_RX0_Add
 .text.CB_RX0_Get
                0x00000348       0x40 ./src/CB_RX0.o
                0x00000348                CB_RX0_Get
 .text.CB_RX0_IsDataAvailable
                0x00000388       0x24 ./src/CB_RX0.o
                0x00000388                CB_RX0_IsDataAvailable
 .text.CB_RX0_GetRemainingSize
                0x000003ac       0x48 ./src/CB_RX0.o
                0x000003ac                CB_RX0_GetRemainingSize
 .text.SendMessage
                0x000003f4       0x84 ./src/CB_TX0.o
                0x000003f4                SendMessage
 .text.CB_TX0_Add
                0x00000478       0x40 ./src/CB_TX0.o
                0x00000478                CB_TX0_Add
 .text.CB_TX0_Get
                0x000004b8       0x40 ./src/CB_TX0.o
                0x000004b8                CB_TX0_Get
 .text.CB_TX0_endTransmission
                0x000004f8       0x14 ./src/CB_TX0.o
                0x000004f8                CB_TX0_endTransmission
 .text.CB_TX0_RemainingSize
                0x0000050c       0x48 ./src/CB_TX0.o
                0x0000050c                CB_TX0_RemainingSize
 .text.CB_TX0_GetDataSize
                0x00000554       0x22 ./src/CB_TX0.o
                0x00000554                CB_TX0_GetDataSize
 *fill*         0x00000576        0x2 ff
 .text.init_GPIO
                0x00000578       0x38 ./src/GPIO_hexapode.o
                0x00000578                init_GPIO
 .text.init_MRT0
                0x000005b0       0x64 ./src/MRT_hexapode.o
                0x000005b0                init_MRT0
 .text.MRT_IRQHandler
                0x00000614       0x30 ./src/MRT_hexapode.o
                0x00000614                MRT_IRQHandler
 .text.MRT0_setFrequency
                0x00000644       0x3c ./src/MRT_hexapode.o
                0x00000644                MRT0_setFrequency
 .text.init_UART0
                0x00000680       0xc8 ./src/UART_hexapode.o
                0x00000680                init_UART0
 .text.UART0_IRQHandler
                0x00000748       0x34 ./src/UART_hexapode.o
                0x00000748                UART0_IRQHandler
 .text.UART0_sendOne
                0x0000077c       0x34 ./src/UART_hexapode.o
                0x0000077c                UART0_sendOne
 .text.UART0_beginTransmission
                0x000007b0       0x24 ./src/UART_hexapode.o
                0x000007b0                UART0_beginTransmission
 .text.UART0_endTransmission
                0x000007d4       0x20 ./src/UART_hexapode.o
                0x000007d4                UART0_endTransmission
 .text.init_lcd
                0x000007f4      0x2bc ./src/lib_ENS_II1_lcd.o
                0x000007f4                init_lcd
 .text.main     0x00000ab0      0x124 ./src/main.o
                0x00000ab0                main
 .text.init_peripherals
                0x00000bd4       0x50 ./src/main.o
                0x00000bd4                init_peripherals
 .text.telerupteur
                0x00000c24       0x58 ./src/main.o
                0x00000c24                telerupteur
 .text.encodeMessageAndSendMessage
                0x00000c7c      0x1c8 ./src/protocol.o
                0x00000c7c                encodeMessageAndSendMessage
 .text.decodeMessage
                0x00000e44      0x120 ./src/protocol.o
                0x00000e44                decodeMessage
 .text.processDecodedMessage
                0x00000f64       0x28 ./src/protocol.o
                0x00000f64                processDecodedMessage
 .text.calculateChecksum
                0x00000f8c       0x92 ./src/protocol.o
                0x00000f8c                calculateChecksum
 *fill*         0x0000101e        0x2 ff
 .text.isAnswerReceived
                0x00001020       0x14 ./src/protocol.o
                0x00001020                isAnswerReceived
 .text.setAnswerWaiting
                0x00001034       0x14 ./src/protocol.o
                0x00001034                setAnswerWaiting
 .text.setAnswerReceived
                0x00001048       0x14 ./src/protocol.o
                0x00001048                setAnswerReceived
 .text.setMotorPosition
                0x0000105c       0xac ./src/robotCommand.o
                0x0000105c                setMotorPosition
 .text.SystemInit
                0x00001108       0x90 ./src/system.o
                0x00001108                SystemInit
 .text.I2CmasterWrite
                0x00001198       0x78 C:\Users\Andre\Desktop\Etudes\ENS\Cours\M1 - E3A\S1\441 - Informatique Industrielle\TP\TP5\peripherals_lib\flash\libperipherals_lib.a(i2c.o)
                0x00001198                I2CmasterWrite
 .text.WaitI2CMasterState
                0x00001210       0x2e C:\Users\Andre\Desktop\Etudes\ENS\Cours\M1 - E3A\S1\441 - Informatique Industrielle\TP\TP5\peripherals_lib\flash\libperipherals_lib.a(i2c.o)
                0x00001210                WaitI2CMasterState
 *fill*         0x0000123e        0x2 ff
 .text.ConfigSWM
                0x00001240       0x80 C:\Users\Andre\Desktop\Etudes\ENS\Cours\M1 - E3A\S1\441 - Informatique Industrielle\TP\TP5\peripherals_lib\flash\libperipherals_lib.a(swm.o)
                0x00001240                ConfigSWM
 .text.__main   0x000012c0        0xc c:/nxp/mcuxpressoide_11.4.1_6260/ide/plugins/com.nxp.mcuxpresso.tools.win32_11.4.0.202103011116/tools/bin/../lib/gcc/arm-none-eabi/10.2.1/../../../../arm-none-eabi/lib/thumb/v6-m/nofp\libcr_semihost.a(_cr__main.o)
                0x000012c0                __CR_SEMIHOST
                0x000012c0                __main
 .text._initio  0x000012cc       0x7c c:/nxp/mcuxpressoide_11.4.1_6260/ide/plugins/com.nxp.mcuxpresso.tools.win32_11.4.0.202103011116/tools/bin/../lib/gcc/arm-none-eabi/10.2.1/../../../../arm-none-eabi/lib/thumb/v6-m/nofp\libcr_c.a(initio.o)
                0x000012cc                _initio
 .text.setvbuf  0x00001348       0x4c c:/nxp/mcuxpressoide_11.4.1_6260/ide/plugins/com.nxp.mcuxpresso.tools.win32_11.4.0.202103011116/tools/bin/../lib/gcc/arm-none-eabi/10.2.1/../../../../arm-none-eabi/lib/thumb/v6-m/nofp\libcr_c.a(setvbuf.o)
                0x00001348                setvbuf
 .text._fdopen  0x00001394       0x74 c:/nxp/mcuxpressoide_11.4.1_6260/ide/plugins/com.nxp.mcuxpresso.tools.win32_11.4.0.202103011116/tools/bin/../lib/gcc/arm-none-eabi/10.2.1/../../../../arm-none-eabi/lib/thumb/v6-m/nofp\libcr_c.a(_fdopen.o)
                0x00001394                _fdopen
 .text.fclose   0x00001408       0x5c c:/nxp/mcuxpressoide_11.4.1_6260/ide/plugins/com.nxp.mcuxpresso.tools.win32_11.4.0.202103011116/tools/bin/../lib/gcc/arm-none-eabi/10.2.1/../../../../arm-none-eabi/lib/thumb/v6-m/nofp\libcr_c.a(fclose.o)
                0x00001408                fclose
 .text.fflush   0x00001464       0x44 c:/nxp/mcuxpressoide_11.4.1_6260/ide/plugins/com.nxp.mcuxpresso.tools.win32_11.4.0.202103011116/tools/bin/../lib/gcc/arm-none-eabi/10.2.1/../../../../arm-none-eabi/lib/thumb/v6-m/nofp\libcr_c.a(fflush.o)
                0x00001464                fflush
 .text.fseek    0x000014a8       0xf0 c:/nxp/mcuxpressoide_11.4.1_6260/ide/plugins/com.nxp.mcuxpresso.tools.win32_11.4.0.202103011116/tools/bin/../lib/gcc/arm-none-eabi/10.2.1/../../../../arm-none-eabi/lib/thumb/v6-m/nofp\libcr_c.a(fseek.o)
                0x000014a8                fseek
 .text.ftell    0x00001598       0x48 c:/nxp/mcuxpressoide_11.4.1_6260/ide/plugins/com.nxp.mcuxpresso.tools.win32_11.4.0.202103011116/tools/bin/../lib/gcc/arm-none-eabi/10.2.1/../../../../arm-none-eabi/lib/thumb/v6-m/nofp\libcr_c.a(ftell.o)
                0x00001598                ftell
 .text.remove   0x000015e0       0x12 c:/nxp/mcuxpressoide_11.4.1_6260/ide/plugins/com.nxp.mcuxpresso.tools.win32_11.4.0.202103011116/tools/bin/../lib/gcc/arm-none-eabi/10.2.1/../../../../arm-none-eabi/lib/thumb/v6-m/nofp\libcr_c.a(remove.o)
                0x000015e0                remove
 *fill*         0x000015f2        0x2 ff
 .text.strlen   0x000015f4       0x58 c:/nxp/mcuxpressoide_11.4.1_6260/ide/plugins/com.nxp.mcuxpresso.tools.win32_11.4.0.202103011116/tools/bin/../lib/gcc/arm-none-eabi/10.2.1/../../../../arm-none-eabi/lib/thumb/v6-m/nofp\libcr_c.a(strlen.o)
                0x000015f4                strlen
 .text.memset   0x0000164c        0x8 c:/nxp/mcuxpressoide_11.4.1_6260/ide/plugins/com.nxp.mcuxpresso.tools.win32_11.4.0.202103011116/tools/bin/../lib/gcc/arm-none-eabi/10.2.1/../../../../arm-none-eabi/lib/thumb/v6-m/nofp\libcr_c.a(memset.o)
                0x0000164c                memset
 .text._do_fflush
                0x00001654       0x48 c:/nxp/mcuxpressoide_11.4.1_6260/ide/plugins/com.nxp.mcuxpresso.tools.win32_11.4.0.202103011116/tools/bin/../lib/gcc/arm-none-eabi/10.2.1/../../../../arm-none-eabi/lib/thumb/v6-m/nofp\libcr_c.a(_do_fflush.o)
                0x00001654                _do_fflush
 .text._fflush  0x0000169c       0x60 c:/nxp/mcuxpressoide_11.4.1_6260/ide/plugins/com.nxp.mcuxpresso.tools.win32_11.4.0.202103011116/tools/bin/../lib/gcc/arm-none-eabi/10.2.1/../../../../arm-none-eabi/lib/thumb/v6-m/nofp\libcr_c.a(_fflush.o)
                0x0000169c                _fflush
 .text._Cwritebuf
                0x000016fc       0x68 c:/nxp/mcuxpressoide_11.4.1_6260/ide/plugins/com.nxp.mcuxpresso.tools.win32_11.4.0.202103011116/tools/bin/../lib/gcc/arm-none-eabi/10.2.1/../../../../arm-none-eabi/lib/thumb/v6-m/nofp\libcr_c.a(_writebuf.o)
                0x000016fc                _Cwritebuf
 .text.free     0x00001764       0x2c c:/nxp/mcuxpressoide_11.4.1_6260/ide/plugins/com.nxp.mcuxpresso.tools.win32_11.4.0.202103011116/tools/bin/../lib/gcc/arm-none-eabi/10.2.1/../../../../arm-none-eabi/lib/thumb/v6-m/nofp\libcr_c.a(alloc.o)
                0x00001764                free
 .text._deferredlazyseek
                0x00001790       0x40 c:/nxp/mcuxpressoide_11.4.1_6260/ide/plugins/com.nxp.mcuxpresso.tools.win32_11.4.0.202103011116/tools/bin/../lib/gcc/arm-none-eabi/10.2.1/../../../../arm-none-eabi/lib/thumb/v6-m/nofp\libcr_c.a(_deferredlazyseek.o)
                0x00001790                _deferredlazyseek
 .text.__aeabi_ddiv
                0x000017d0      0x14c c:/nxp/mcuxpressoide_11.4.1_6260/ide/plugins/com.nxp.mcuxpresso.tools.win32_11.4.0.202103011116/tools/bin/../lib/gcc/arm-none-eabi/10.2.1/thumb/v6-m/nofp\libcr_eabihelpers.a(double.o)
                0x000017d0                __aeabi_ddiv
 .text.__aeabi_dsub
                0x0000191c      0x1c0 c:/nxp/mcuxpressoide_11.4.1_6260/ide/plugins/com.nxp.mcuxpresso.tools.win32_11.4.0.202103011116/tools/bin/../lib/gcc/arm-none-eabi/10.2.1/thumb/v6-m/nofp\libcr_eabihelpers.a(double.o)
                0x0000191c                __aeabi_dsub
 .text.__aeabi_dadd
                0x00001adc      0x134 c:/nxp/mcuxpressoide_11.4.1_6260/ide/plugins/com.nxp.mcuxpresso.tools.win32_11.4.0.202103011116/tools/bin/../lib/gcc/arm-none-eabi/10.2.1/thumb/v6-m/nofp\libcr_eabihelpers.a(double.o)
                0x00001adc                __aeabi_dadd
 .text.__aeabi_d2uiz
                0x00001c10       0x38 c:/nxp/mcuxpressoide_11.4.1_6260/ide/plugins/com.nxp.mcuxpresso.tools.win32_11.4.0.202103011116/tools/bin/../lib/gcc/arm-none-eabi/10.2.1/thumb/v6-m/nofp\libcr_eabihelpers.a(double.o)
                0x00001c10                __aeabi_d2uiz
 .text.__bhs_ui2d
                0x00001c48       0x5e c:/nxp/mcuxpressoide_11.4.1_6260/ide/plugins/com.nxp.mcuxpresso.tools.win32_11.4.0.202103011116/tools/bin/../lib/gcc/arm-none-eabi/10.2.1/thumb/v6-m/nofp\libcr_eabihelpers.a(double.o)
                0x00001c48                __bhs_ui2d
 .text.__aeabi_ui2d
                0x00001ca6        0xc c:/nxp/mcuxpressoide_11.4.1_6260/ide/plugins/com.nxp.mcuxpresso.tools.win32_11.4.0.202103011116/tools/bin/../lib/gcc/arm-none-eabi/10.2.1/thumb/v6-m/nofp\libcr_eabihelpers.a(double.o)
                0x00001ca6                __aeabi_ui2d
 *fill*         0x00001cb2        0x2 ff
 .text.__aeabi_fmul
                0x00001cb4       0xc0 c:/nxp/mcuxpressoide_11.4.1_6260/ide/plugins/com.nxp.mcuxpresso.tools.win32_11.4.0.202103011116/tools/bin/../lib/gcc/arm-none-eabi/10.2.1/thumb/v6-m/nofp\libcr_eabihelpers.a(float.o)
                0x00001cb4                __aeabi_fmul
 .text.__aeabi_f2d
                0x00001d74       0x40 c:/nxp/mcuxpressoide_11.4.1_6260/ide/plugins/com.nxp.mcuxpresso.tools.win32_11.4.0.202103011116/tools/bin/../lib/gcc/arm-none-eabi/10.2.1/thumb/v6-m/nofp\libcr_eabihelpers.a(float.o)
                0x00001d74                __aeabi_f2d
 .text.__aeabi_llong_lmul
                0x00001db4       0x2e c:/nxp/mcuxpressoide_11.4.1_6260/ide/plugins/com.nxp.mcuxpresso.tools.win32_11.4.0.202103011116/tools/bin/../lib/gcc/arm-none-eabi/10.2.1/thumb/v6-m/nofp\libcr_eabihelpers.a(llong.o)
                0x00001db4                __aeabi_lmul
 .text.__aeabi_memset_lowlevel
                0x00001de2       0x2a c:/nxp/mcuxpressoide_11.4.1_6260/ide/plugins/com.nxp.mcuxpresso.tools.win32_11.4.0.202103011116/tools/bin/../lib/gcc/arm-none-eabi/10.2.1/thumb/v6-m/nofp\libcr_eabihelpers.a(memcpy.o)
                0x00001de2                __aeabi_lowlevel_memset
 .text.__sys_close
                0x00001e0c        0xc c:/nxp/mcuxpressoide_11.4.1_6260/ide/plugins/com.nxp.mcuxpresso.tools.win32_11.4.0.202103011116/tools/bin/../lib/gcc/arm-none-eabi/10.2.1/../../../../arm-none-eabi/lib/thumb/v6-m/nofp\libcr_semihost.a(__sys_close.o)
                0x00001e0c                __sys_close
 .text.__sys_flen
                0x00001e18        0xc c:/nxp/mcuxpressoide_11.4.1_6260/ide/plugins/com.nxp.mcuxpresso.tools.win32_11.4.0.202103011116/tools/bin/../lib/gcc/arm-none-eabi/10.2.1/../../../../arm-none-eabi/lib/thumb/v6-m/nofp\libcr_semihost.a(__sys_flen.o)
                0x00001e18                __sys_flen
 .text.__sys_istty
                0x00001e24        0xc c:/nxp/mcuxpressoide_11.4.1_6260/ide/plugins/com.nxp.mcuxpresso.tools.win32_11.4.0.202103011116/tools/bin/../lib/gcc/arm-none-eabi/10.2.1/../../../../arm-none-eabi/lib/thumb/v6-m/nofp\libcr_semihost.a(__sys_istty.o)
                0x00001e24                __sys_istty
 .text.__sys_remove
                0x00001e30        0xc c:/nxp/mcuxpressoide_11.4.1_6260/ide/plugins/com.nxp.mcuxpresso.tools.win32_11.4.0.202103011116/tools/bin/../lib/gcc/arm-none-eabi/10.2.1/../../../../arm-none-eabi/lib/thumb/v6-m/nofp\libcr_semihost.a(__sys_remove.o)
                0x00001e30                __sys_remove
 .text.__sys_seek
                0x00001e3c        0xc c:/nxp/mcuxpressoide_11.4.1_6260/ide/plugins/com.nxp.mcuxpresso.tools.win32_11.4.0.202103011116/tools/bin/../lib/gcc/arm-none-eabi/10.2.1/../../../../arm-none-eabi/lib/thumb/v6-m/nofp\libcr_semihost.a(__sys_seek.o)
                0x00001e3c                __sys_seek
 .text.__sys_tmpnam
                0x00001e48        0xc c:/nxp/mcuxpressoide_11.4.1_6260/ide/plugins/com.nxp.mcuxpresso.tools.win32_11.4.0.202103011116/tools/bin/../lib/gcc/arm-none-eabi/10.2.1/../../../../arm-none-eabi/lib/thumb/v6-m/nofp\libcr_semihost.a(__sys_tmpnam.o)
                0x00001e48                __sys_tmpnam
 .text.__sys_write
                0x00001e54        0xc c:/nxp/mcuxpressoide_11.4.1_6260/ide/plugins/com.nxp.mcuxpresso.tools.win32_11.4.0.202103011116/tools/bin/../lib/gcc/arm-none-eabi/10.2.1/../../../../arm-none-eabi/lib/thumb/v6-m/nofp\libcr_semihost.a(__sys_write.o)
                0x00001e54                __sys_write
 *(.rodata .rodata.* .constdata .constdata.*)
 .rodata.decodeMessage
                0x00001e60       0x1c ./src/protocol.o
 .rodata._initio.str1.1
                0x00001e7c        0x4 c:/nxp/mcuxpressoide_11.4.1_6260/ide/plugins/com.nxp.mcuxpresso.tools.win32_11.4.0.202103011116/tools/bin/../lib/gcc/arm-none-eabi/10.2.1/../../../../arm-none-eabi/lib/thumb/v6-m/nofp\libcr_c.a(initio.o)
 .rodata.__num_Ciob_streams
                0x00001e80        0x4 c:/nxp/mcuxpressoide_11.4.1_6260/ide/plugins/com.nxp.mcuxpresso.tools.win32_11.4.0.202103011116/tools/bin/../lib/gcc/arm-none-eabi/10.2.1/../../../../arm-none-eabi/lib/thumb/v6-m/nofp\libcr_semihost.a(__ciob.o)
                0x00001e80                __num_Ciob_streams
                0x00001e84                . = ALIGN (0x4)

.glue_7         0x00001e84        0x0
 .glue_7        0x00001e84        0x0 linker stubs

.glue_7t        0x00001e84        0x0
 .glue_7t       0x00001e84        0x0 linker stubs

.vfp11_veneer   0x00001e84        0x0
 .vfp11_veneer  0x00001e84        0x0 linker stubs

.v4_bx          0x00001e84        0x0
 .v4_bx         0x00001e84        0x0 linker stubs

.iplt           0x00001e84        0x0
 .iplt          0x00001e84        0x0 ./src/CB_RX0.o

.rel.dyn        0x00001e84        0x0
 .rel.iplt      0x00001e84        0x0 ./src/CB_RX0.o

.ARM.extab
 *(.ARM.extab* .gnu.linkonce.armextab.*)

.ARM.exidx      0x00001e84        0x0
                0x00001e84                __exidx_start = .
 *(.ARM.exidx* .gnu.linkonce.armexidx.*)
                0x00001e84                __exidx_end = .
                0x00001e84                _etext = .

.uninit_RESERVED
                0x10000000        0x0
                0x10000000                _start_uninit_RESERVED = .
 *(.bss.$RESERVED*)
                0x10000000                . = ALIGN (0x4)
                0x10000000                _end_uninit_RESERVED = .

.data           0x10000000        0x4 load address 0x00001e84
 FILL mask 0xff
                0x10000000                _data = .
                [!provide]                PROVIDE (__start_data_RAM = .)
                [!provide]                PROVIDE (__start_data_RamLoc4 = .)
 *(vtable)
 *(.ramfunc*)
 *(CodeQuickAccess)
 *(DataQuickAccess)
 *(RamFunction)
 *(.data*)
 .data.answerReceived
                0x10000000        0x1 ./src/protocol.o
                0x10000000                answerReceived
                0x10000004                . = ALIGN (0x4)
 *fill*         0x10000001        0x3 ff
                0x10000004                _edata = .
                [!provide]                PROVIDE (__end_data_RAM = .)
                [!provide]                PROVIDE (__end_data_RamLoc4 = .)

.igot.plt       0x10000004        0x0 load address 0x00001e88
 .igot.plt      0x10000004        0x0 ./src/CB_RX0.o

.bss            0x10000004      0x378
                0x10000004                _bss = .
                [!provide]                PROVIDE (__start_bss_RAM = .)
                [!provide]                PROVIDE (__start_bss_RamLoc4 = .)
 *(.bss*)
 .bss.cbRx0Head
                0x10000004        0x2 ./src/CB_RX0.o
                0x10000004                cbRx0Head
 .bss.cbRx0Tail
                0x10000006        0x2 ./src/CB_RX0.o
                0x10000006                cbRx0Tail
 .bss.cbRx0Buffer
                0x10000008       0x80 ./src/CB_RX0.o
                0x10000008                cbRx0Buffer
 .bss.cbTx0Head
                0x10000088        0x2 ./src/CB_TX0.o
                0x10000088                cbTx0Head
 .bss.cbTx0Tail
                0x1000008a        0x2 ./src/CB_TX0.o
                0x1000008a                cbTx0Tail
 .bss.cbTx0Buffer
                0x1000008c       0x80 ./src/CB_TX0.o
                0x1000008c                cbTx0Buffer
 .bss.isTransmitting
                0x1000010c        0x1 ./src/CB_TX0.o
                0x1000010c                isTransmitting
 .bss.receivedState
                0x1000010d        0x1 ./src/protocol.o
                0x1000010d                receivedState
 .bss.receivedID
                0x1000010e        0x1 ./src/protocol.o
                0x1000010e                receivedID
 .bss.receivedLength
                0x1000010f        0x1 ./src/protocol.o
                0x1000010f                receivedLength
 .bss.receivedError
                0x10000110        0x1 ./src/protocol.o
                0x10000110                receivedError
 *fill*         0x10000111        0x3 
 .bss.receivedPayload
                0x10000114       0x80 ./src/protocol.o
                0x10000114                receivedPayload
 .bss.receivedPayloadIndex
                0x10000194        0x1 ./src/protocol.o
                0x10000194                receivedPayloadIndex
 *fill*         0x10000195        0x3 
 .bss.errno     0x10000198        0x4 c:/nxp/mcuxpressoide_11.4.1_6260/ide/plugins/com.nxp.mcuxpresso.tools.win32_11.4.0.202103011116/tools/bin/../lib/gcc/arm-none-eabi/10.2.1/../../../../arm-none-eabi/lib/thumb/v6-m/nofp\libcr_c.a(errno.o)
                0x10000198                errno
 .bss.__Ciob    0x1000019c      0x1e0 c:/nxp/mcuxpressoide_11.4.1_6260/ide/plugins/com.nxp.mcuxpresso.tools.win32_11.4.0.202103011116/tools/bin/../lib/gcc/arm-none-eabi/10.2.1/../../../../arm-none-eabi/lib/thumb/v6-m/nofp\libcr_semihost.a(__ciob.o)
                0x1000019c                __Ciob
 *(COMMON)
                0x1000037c                . = ALIGN (0x4)
                0x1000037c                _ebss = .
                [!provide]                PROVIDE (__end_bss_RAM = .)
                [!provide]                PROVIDE (__end_bss_RamLoc4 = .)
                [!provide]                PROVIDE (end = .)

.noinit         0x1000037c        0x0
                0x1000037c                _noinit = .
                [!provide]                PROVIDE (__start_noinit_RAM = .)
                [!provide]                PROVIDE (__start_noinit_RamLoc4 = .)
 *(.noinit*)
                0x1000037c                . = ALIGN (0x4)
                0x1000037c                _end_noinit = .
                [!provide]                PROVIDE (__end_noinit_RAM = .)
                [!provide]                PROVIDE (__end_noinit_RamLoc4 = .)
                0x1000037c                PROVIDE (_pvHeapStart = DEFINED (__user_heap_base)?__user_heap_base:.)
                0x10001000                PROVIDE (_vStackTop = DEFINED (__user_stack_top)?__user_stack_top:(__top_RamLoc4 - 0x0))
                0xefffeb13                PROVIDE (__valid_user_code_checksum = (0x0 - (((_vStackTop + (ResetISR + 0x1)) + (DEFINED (NMI_Handler)?NMI_Handler:M0_NMI_Handler + 0x1)) + (DEFINED (HardFault_Handler)?HardFault_Handler:M0_HardFault_Handler + 0x1))))
                0x00000000                _image_start = LOADADDR (.text)
                0x00001e88                _image_end = (LOADADDR (.data) + SIZEOF (.data))
                0x00001e88                _image_size = (_image_end - _image_start)
OUTPUT(TP_HEXAPODE.axf elf32-littlearm)
LOAD linker stubs

.debug_info     0x00000000     0x4cdf
 .debug_info    0x00000000      0x184 ./src/CB_RX0.o
 .debug_info    0x00000184      0x1de ./src/CB_TX0.o
 .debug_info    0x00000362      0xa32 ./src/GPIO_hexapode.o
 .debug_info    0x00000d94      0x232 ./src/MCUXpresso_cr_startup.o
 .debug_info    0x00000fc6       0x40 ./src/MCUXpresso_crp.o
 .debug_info    0x00001006      0x897 ./src/MRT_hexapode.o
 .debug_info    0x0000189d      0x8a8 ./src/UART_hexapode.o
 .debug_info    0x00002145      0xbf8 ./src/lib_ENS_II1_lcd.o
 .debug_info    0x00002d3d      0xcea ./src/main.o
 .debug_info    0x00003a27      0x2cb ./src/protocol.o
 .debug_info    0x00003cf2      0x10d ./src/robotCommand.o
 .debug_info    0x00003dff      0x8a1 ./src/system.o
 .debug_info    0x000046a0      0x39c C:\Users\Andre\Desktop\Etudes\ENS\Cours\M1 - E3A\S1\441 - Informatique Industrielle\TP\TP5\peripherals_lib\flash\libperipherals_lib.a(i2c.o)
 .debug_info    0x00004a3c      0x2a3 C:\Users\Andre\Desktop\Etudes\ENS\Cours\M1 - E3A\S1\441 - Informatique Industrielle\TP\TP5\peripherals_lib\flash\libperipherals_lib.a(swm.o)

.debug_abbrev   0x00000000     0x13a4
 .debug_abbrev  0x00000000       0xef ./src/CB_RX0.o
 .debug_abbrev  0x000000ef      0x125 ./src/CB_TX0.o
 .debug_abbrev  0x00000214      0x192 ./src/GPIO_hexapode.o
 .debug_abbrev  0x000003a6      0x122 ./src/MCUXpresso_cr_startup.o
 .debug_abbrev  0x000004c8       0x38 ./src/MCUXpresso_crp.o
 .debug_abbrev  0x00000500      0x1f1 ./src/MRT_hexapode.o
 .debug_abbrev  0x000006f1      0x209 ./src/UART_hexapode.o
 .debug_abbrev  0x000008fa      0x217 ./src/lib_ENS_II1_lcd.o
 .debug_abbrev  0x00000b11      0x232 ./src/main.o
 .debug_abbrev  0x00000d43      0x14d ./src/protocol.o
 .debug_abbrev  0x00000e90       0xb3 ./src/robotCommand.o
 .debug_abbrev  0x00000f43      0x1ae ./src/system.o
 .debug_abbrev  0x000010f1      0x171 C:\Users\Andre\Desktop\Etudes\ENS\Cours\M1 - E3A\S1\441 - Informatique Industrielle\TP\TP5\peripherals_lib\flash\libperipherals_lib.a(i2c.o)
 .debug_abbrev  0x00001262      0x142 C:\Users\Andre\Desktop\Etudes\ENS\Cours\M1 - E3A\S1\441 - Informatique Industrielle\TP\TP5\peripherals_lib\flash\libperipherals_lib.a(swm.o)

.debug_aranges  0x00000000      0x320
 .debug_aranges
                0x00000000       0x40 ./src/CB_RX0.o
 .debug_aranges
                0x00000040       0x48 ./src/CB_TX0.o
 .debug_aranges
                0x00000088       0x20 ./src/GPIO_hexapode.o
 .debug_aranges
                0x000000a8       0x60 ./src/MCUXpresso_cr_startup.o
 .debug_aranges
                0x00000108       0x18 ./src/MCUXpresso_crp.o
 .debug_aranges
                0x00000120       0x30 ./src/MRT_hexapode.o
 .debug_aranges
                0x00000150       0x48 ./src/UART_hexapode.o
 .debug_aranges
                0x00000198       0x48 ./src/lib_ENS_II1_lcd.o
 .debug_aranges
                0x000001e0       0x30 ./src/main.o
 .debug_aranges
                0x00000210       0x50 ./src/protocol.o
 .debug_aranges
                0x00000260       0x28 ./src/robotCommand.o
 .debug_aranges
                0x00000288       0x28 ./src/system.o
 .debug_aranges
                0x000002b0       0x40 C:\Users\Andre\Desktop\Etudes\ENS\Cours\M1 - E3A\S1\441 - Informatique Industrielle\TP\TP5\peripherals_lib\flash\libperipherals_lib.a(i2c.o)
 .debug_aranges
                0x000002f0       0x30 C:\Users\Andre\Desktop\Etudes\ENS\Cours\M1 - E3A\S1\441 - Informatique Industrielle\TP\TP5\peripherals_lib\flash\libperipherals_lib.a(swm.o)

.debug_ranges   0x00000000      0x238
 .debug_ranges  0x00000000       0x30 ./src/CB_RX0.o
 .debug_ranges  0x00000030       0x38 ./src/CB_TX0.o
 .debug_ranges  0x00000068       0x10 ./src/GPIO_hexapode.o
 .debug_ranges  0x00000078       0x50 ./src/MCUXpresso_cr_startup.o
 .debug_ranges  0x000000c8       0x20 ./src/MRT_hexapode.o
 .debug_ranges  0x000000e8       0x38 ./src/UART_hexapode.o
 .debug_ranges  0x00000120       0x38 ./src/lib_ENS_II1_lcd.o
 .debug_ranges  0x00000158       0x20 ./src/main.o
 .debug_ranges  0x00000178       0x40 ./src/protocol.o
 .debug_ranges  0x000001b8       0x18 ./src/robotCommand.o
 .debug_ranges  0x000001d0       0x18 ./src/system.o
 .debug_ranges  0x000001e8       0x30 C:\Users\Andre\Desktop\Etudes\ENS\Cours\M1 - E3A\S1\441 - Informatique Industrielle\TP\TP5\peripherals_lib\flash\libperipherals_lib.a(i2c.o)
 .debug_ranges  0x00000218       0x20 C:\Users\Andre\Desktop\Etudes\ENS\Cours\M1 - E3A\S1\441 - Informatique Industrielle\TP\TP5\peripherals_lib\flash\libperipherals_lib.a(swm.o)

.debug_macro    0x00000000     0x3b87
 .debug_macro   0x00000000       0x4c ./src/CB_RX0.o
 .debug_macro   0x0000004c      0xa6c ./src/CB_RX0.o
 .debug_macro   0x00000ab8       0x10 ./src/CB_RX0.o
 .debug_macro   0x00000ac8      0x12e ./src/CB_RX0.o
 .debug_macro   0x00000bf6      0x5b3 ./src/CB_RX0.o
 .debug_macro   0x000011a9       0x5e ./src/CB_TX0.o
 .debug_macro   0x00001207       0x28 ./src/CB_TX0.o
 .debug_macro   0x0000122f       0x3a ./src/CB_TX0.o
 .debug_macro   0x00001269       0x88 ./src/GPIO_hexapode.o
 .debug_macro   0x000012f1       0x46 ./src/GPIO_hexapode.o
 .debug_macro   0x00001337       0x28 ./src/GPIO_hexapode.o
 .debug_macro   0x0000135f       0x3a ./src/GPIO_hexapode.o
 .debug_macro   0x00001399      0x241 ./src/GPIO_hexapode.o
 .debug_macro   0x000015da      0x1a8 ./src/GPIO_hexapode.o
 .debug_macro   0x00001782      0x1dd ./src/GPIO_hexapode.o
 .debug_macro   0x0000195f       0x1d ./src/MCUXpresso_cr_startup.o
 .debug_macro   0x0000197c       0x1a ./src/MCUXpresso_crp.o
 .debug_macro   0x00001996       0x34 ./src/MCUXpresso_crp.o
 .debug_macro   0x000019ca       0xca ./src/MRT_hexapode.o
 .debug_macro   0x00001a94       0xd8 ./src/MRT_hexapode.o
 .debug_macro   0x00001b6c       0x64 ./src/MRT_hexapode.o
 .debug_macro   0x00001bd0       0x10 ./src/MRT_hexapode.o
 .debug_macro   0x00001be0       0xc4 ./src/MRT_hexapode.o
 .debug_macro   0x00001ca4       0xc6 ./src/UART_hexapode.o
 .debug_macro   0x00001d6a       0x22 ./src/UART_hexapode.o
 .debug_macro   0x00001d8c      0x3a2 ./src/UART_hexapode.o
 .debug_macro   0x0000212e       0x40 ./src/UART_hexapode.o
 .debug_macro   0x0000216e       0xeb ./src/UART_hexapode.o
 .debug_macro   0x00002259       0xe2 ./src/UART_hexapode.o
 .debug_macro   0x0000233b       0xc5 ./src/lib_ENS_II1_lcd.o
 .debug_macro   0x00002400       0x4c ./src/lib_ENS_II1_lcd.o
 .debug_macro   0x0000244c       0x22 ./src/lib_ENS_II1_lcd.o
 .debug_macro   0x0000246e      0x39c ./src/lib_ENS_II1_lcd.o
 .debug_macro   0x0000280a       0xe8 ./src/lib_ENS_II1_lcd.o
 .debug_macro   0x000028f2       0x1c ./src/lib_ENS_II1_lcd.o
 .debug_macro   0x0000290e      0x122 ./src/main.o
 .debug_macro   0x00002a30      0x1ae ./src/main.o
 .debug_macro   0x00002bde       0xf4 ./src/main.o
 .debug_macro   0x00002cd2       0x55 ./src/protocol.o
 .debug_macro   0x00002d27       0x34 ./src/protocol.o
 .debug_macro   0x00002d5b       0x5d ./src/robotCommand.o
 .debug_macro   0x00002db8       0xee ./src/robotCommand.o
 .debug_macro   0x00002ea6       0xfd ./src/system.o
 .debug_macro   0x00002fa3       0x5e ./src/system.o
 .debug_macro   0x00003001       0x9b C:\Users\Andre\Desktop\Etudes\ENS\Cours\M1 - E3A\S1\441 - Informatique Industrielle\TP\TP5\peripherals_lib\flash\libperipherals_lib.a(i2c.o)
 .debug_macro   0x0000309c      0xa66 C:\Users\Andre\Desktop\Etudes\ENS\Cours\M1 - E3A\S1\441 - Informatique Industrielle\TP\TP5\peripherals_lib\flash\libperipherals_lib.a(i2c.o)
 .debug_macro   0x00003b02       0x85 C:\Users\Andre\Desktop\Etudes\ENS\Cours\M1 - E3A\S1\441 - Informatique Industrielle\TP\TP5\peripherals_lib\flash\libperipherals_lib.a(swm.o)

.debug_line     0x00000000     0x31c7
 .debug_line    0x00000000      0x28a ./src/CB_RX0.o
 .debug_line    0x0000028a      0x300 ./src/CB_TX0.o
 .debug_line    0x0000058a      0x32d ./src/GPIO_hexapode.o
 .debug_line    0x000008b7      0x13a ./src/MCUXpresso_cr_startup.o
 .debug_line    0x000009f1       0xbc ./src/MCUXpresso_crp.o
 .debug_line    0x00000aad      0x3c1 ./src/MRT_hexapode.o
 .debug_line    0x00000e6e      0x4bf ./src/UART_hexapode.o
 .debug_line    0x0000132d      0x608 ./src/lib_ENS_II1_lcd.o
 .debug_line    0x00001935      0x55f ./src/main.o
 .debug_line    0x00001e94      0x3a3 ./src/protocol.o
 .debug_line    0x00002237      0x246 ./src/robotCommand.o
 .debug_line    0x0000247d      0x4ba ./src/system.o
 .debug_line    0x00002937      0x563 C:\Users\Andre\Desktop\Etudes\ENS\Cours\M1 - E3A\S1\441 - Informatique Industrielle\TP\TP5\peripherals_lib\flash\libperipherals_lib.a(i2c.o)
 .debug_line    0x00002e9a      0x32d C:\Users\Andre\Desktop\Etudes\ENS\Cours\M1 - E3A\S1\441 - Informatique Industrielle\TP\TP5\peripherals_lib\flash\libperipherals_lib.a(swm.o)

.debug_str      0x00000000     0x98d5
 .debug_str     0x00000000     0x439d ./src/CB_RX0.o
                               0x4416 (size before relaxing)
 .debug_str     0x0000439d      0x1fe ./src/CB_TX0.o
                               0x4569 (size before relaxing)
 .debug_str     0x0000459b     0x2197 ./src/GPIO_hexapode.o
                               0x650f (size before relaxing)
 .debug_str     0x00006732      0x17b ./src/MCUXpresso_cr_startup.o
                               0x2e14 (size before relaxing)
 .debug_str     0x000068ad       0xf4 ./src/MCUXpresso_crp.o
                               0x2d87 (size before relaxing)
 .debug_str     0x000069a1      0xb32 ./src/MRT_hexapode.o
                               0x6f19 (size before relaxing)
 .debug_str     0x000074d3      0xe26 ./src/UART_hexapode.o
                               0x7388 (size before relaxing)
 .debug_str     0x000082f9      0x831 ./src/lib_ENS_II1_lcd.o
                               0x74c1 (size before relaxing)
 .debug_str     0x00008b2a      0x7c8 ./src/main.o
                               0x7c9b (size before relaxing)
 .debug_str     0x000092f2      0x11f ./src/protocol.o
                               0x4531 (size before relaxing)
 .debug_str     0x00009411       0x43 ./src/robotCommand.o
                               0x479c (size before relaxing)
 .debug_str     0x00009454      0x31d ./src/system.o
                               0x7301 (size before relaxing)
 .debug_str     0x00009771      0x106 C:\Users\Andre\Desktop\Etudes\ENS\Cours\M1 - E3A\S1\441 - Informatique Industrielle\TP\TP5\peripherals_lib\flash\libperipherals_lib.a(i2c.o)
                               0x66b1 (size before relaxing)
 .debug_str     0x00009877       0x5e C:\Users\Andre\Desktop\Etudes\ENS\Cours\M1 - E3A\S1\441 - Informatique Industrielle\TP\TP5\peripherals_lib\flash\libperipherals_lib.a(swm.o)
                               0x6254 (size before relaxing)

.comment        0x00000000       0x4d
 .comment       0x00000000       0x4d ./src/CB_RX0.o
                                 0x4e (size before relaxing)
 .comment       0x0000004d       0x4e ./src/CB_TX0.o
 .comment       0x0000004d       0x4e ./src/GPIO_hexapode.o
 .comment       0x0000004d       0x4e ./src/MCUXpresso_cr_startup.o
 .comment       0x0000004d       0x4e ./src/MCUXpresso_crp.o
 .comment       0x0000004d       0x4e ./src/MRT_hexapode.o
 .comment       0x0000004d       0x4e ./src/UART_hexapode.o
 .comment       0x0000004d       0x4e ./src/lib_ENS_II1_lcd.o
 .comment       0x0000004d       0x4e ./src/main.o
 .comment       0x0000004d       0x4e ./src/protocol.o
 .comment       0x0000004d       0x4e ./src/robotCommand.o
 .comment       0x0000004d       0x4e ./src/system.o
 .comment       0x0000004d       0x4e C:\Users\Andre\Desktop\Etudes\ENS\Cours\M1 - E3A\S1\441 - Informatique Industrielle\TP\TP5\peripherals_lib\flash\libperipherals_lib.a(i2c.o)
 .comment       0x0000004d       0x4e C:\Users\Andre\Desktop\Etudes\ENS\Cours\M1 - E3A\S1\441 - Informatique Industrielle\TP\TP5\peripherals_lib\flash\libperipherals_lib.a(swm.o)
 .comment       0x0000004d       0x4e c:/nxp/mcuxpressoide_11.4.1_6260/ide/plugins/com.nxp.mcuxpresso.tools.win32_11.4.0.202103011116/tools/bin/../lib/gcc/arm-none-eabi/10.2.1/../../../../arm-none-eabi/lib/thumb/v6-m/nofp\libcr_semihost.a(_cr__main.o)
 .comment       0x0000004d       0x4e c:/nxp/mcuxpressoide_11.4.1_6260/ide/plugins/com.nxp.mcuxpresso.tools.win32_11.4.0.202103011116/tools/bin/../lib/gcc/arm-none-eabi/10.2.1/../../../../arm-none-eabi/lib/thumb/v6-m/nofp\libcr_c.a(initio.o)
 .comment       0x0000004d       0x4e c:/nxp/mcuxpressoide_11.4.1_6260/ide/plugins/com.nxp.mcuxpresso.tools.win32_11.4.0.202103011116/tools/bin/../lib/gcc/arm-none-eabi/10.2.1/../../../../arm-none-eabi/lib/thumb/v6-m/nofp\libcr_c.a(setvbuf.o)
 .comment       0x0000004d       0x4e c:/nxp/mcuxpressoide_11.4.1_6260/ide/plugins/com.nxp.mcuxpresso.tools.win32_11.4.0.202103011116/tools/bin/../lib/gcc/arm-none-eabi/10.2.1/../../../../arm-none-eabi/lib/thumb/v6-m/nofp\libcr_c.a(_fdopen.o)
 .comment       0x0000004d       0x4e c:/nxp/mcuxpressoide_11.4.1_6260/ide/plugins/com.nxp.mcuxpresso.tools.win32_11.4.0.202103011116/tools/bin/../lib/gcc/arm-none-eabi/10.2.1/../../../../arm-none-eabi/lib/thumb/v6-m/nofp\libcr_c.a(fclose.o)
 .comment       0x0000004d       0x4e c:/nxp/mcuxpressoide_11.4.1_6260/ide/plugins/com.nxp.mcuxpresso.tools.win32_11.4.0.202103011116/tools/bin/../lib/gcc/arm-none-eabi/10.2.1/../../../../arm-none-eabi/lib/thumb/v6-m/nofp\libcr_c.a(fflush.o)
 .comment       0x0000004d       0x4e c:/nxp/mcuxpressoide_11.4.1_6260/ide/plugins/com.nxp.mcuxpresso.tools.win32_11.4.0.202103011116/tools/bin/../lib/gcc/arm-none-eabi/10.2.1/../../../../arm-none-eabi/lib/thumb/v6-m/nofp\libcr_c.a(fseek.o)
 .comment       0x0000004d       0x4e c:/nxp/mcuxpressoide_11.4.1_6260/ide/plugins/com.nxp.mcuxpresso.tools.win32_11.4.0.202103011116/tools/bin/../lib/gcc/arm-none-eabi/10.2.1/../../../../arm-none-eabi/lib/thumb/v6-m/nofp\libcr_c.a(ftell.o)
 .comment       0x0000004d       0x4e c:/nxp/mcuxpressoide_11.4.1_6260/ide/plugins/com.nxp.mcuxpresso.tools.win32_11.4.0.202103011116/tools/bin/../lib/gcc/arm-none-eabi/10.2.1/../../../../arm-none-eabi/lib/thumb/v6-m/nofp\libcr_c.a(remove.o)
 .comment       0x0000004d       0x4e c:/nxp/mcuxpressoide_11.4.1_6260/ide/plugins/com.nxp.mcuxpresso.tools.win32_11.4.0.202103011116/tools/bin/../lib/gcc/arm-none-eabi/10.2.1/../../../../arm-none-eabi/lib/thumb/v6-m/nofp\libcr_c.a(strlen.o)
 .comment       0x0000004d       0x4e c:/nxp/mcuxpressoide_11.4.1_6260/ide/plugins/com.nxp.mcuxpresso.tools.win32_11.4.0.202103011116/tools/bin/../lib/gcc/arm-none-eabi/10.2.1/../../../../arm-none-eabi/lib/thumb/v6-m/nofp\libcr_c.a(memset.o)
 .comment       0x0000004d       0x4e c:/nxp/mcuxpressoide_11.4.1_6260/ide/plugins/com.nxp.mcuxpresso.tools.win32_11.4.0.202103011116/tools/bin/../lib/gcc/arm-none-eabi/10.2.1/../../../../arm-none-eabi/lib/thumb/v6-m/nofp\libcr_c.a(_do_fflush.o)
 .comment       0x0000004d       0x4e c:/nxp/mcuxpressoide_11.4.1_6260/ide/plugins/com.nxp.mcuxpresso.tools.win32_11.4.0.202103011116/tools/bin/../lib/gcc/arm-none-eabi/10.2.1/../../../../arm-none-eabi/lib/thumb/v6-m/nofp\libcr_c.a(_fflush.o)
 .comment       0x0000004d       0x4e c:/nxp/mcuxpressoide_11.4.1_6260/ide/plugins/com.nxp.mcuxpresso.tools.win32_11.4.0.202103011116/tools/bin/../lib/gcc/arm-none-eabi/10.2.1/../../../../arm-none-eabi/lib/thumb/v6-m/nofp\libcr_c.a(_writebuf.o)
 .comment       0x0000004d       0x4e c:/nxp/mcuxpressoide_11.4.1_6260/ide/plugins/com.nxp.mcuxpresso.tools.win32_11.4.0.202103011116/tools/bin/../lib/gcc/arm-none-eabi/10.2.1/../../../../arm-none-eabi/lib/thumb/v6-m/nofp\libcr_c.a(alloc.o)
 .comment       0x0000004d       0x4e c:/nxp/mcuxpressoide_11.4.1_6260/ide/plugins/com.nxp.mcuxpresso.tools.win32_11.4.0.202103011116/tools/bin/../lib/gcc/arm-none-eabi/10.2.1/../../../../arm-none-eabi/lib/thumb/v6-m/nofp\libcr_c.a(errno.o)
 .comment       0x0000004d       0x4e c:/nxp/mcuxpressoide_11.4.1_6260/ide/plugins/com.nxp.mcuxpresso.tools.win32_11.4.0.202103011116/tools/bin/../lib/gcc/arm-none-eabi/10.2.1/../../../../arm-none-eabi/lib/thumb/v6-m/nofp\libcr_c.a(_deferredlazyseek.o)
 .comment       0x0000004d       0x4e c:/nxp/mcuxpressoide_11.4.1_6260/ide/plugins/com.nxp.mcuxpresso.tools.win32_11.4.0.202103011116/tools/bin/../lib/gcc/arm-none-eabi/10.2.1/thumb/v6-m/nofp\libcr_eabihelpers.a(double.o)
 .comment       0x0000004d       0x4e c:/nxp/mcuxpressoide_11.4.1_6260/ide/plugins/com.nxp.mcuxpresso.tools.win32_11.4.0.202103011116/tools/bin/../lib/gcc/arm-none-eabi/10.2.1/thumb/v6-m/nofp\libcr_eabihelpers.a(float.o)
 .comment       0x0000004d       0x4e c:/nxp/mcuxpressoide_11.4.1_6260/ide/plugins/com.nxp.mcuxpresso.tools.win32_11.4.0.202103011116/tools/bin/../lib/gcc/arm-none-eabi/10.2.1/../../../../arm-none-eabi/lib/thumb/v6-m/nofp\libcr_semihost.a(__ciob.o)

.ARM.attributes
                0x00000000       0x2a
 .ARM.attributes
                0x00000000       0x2c ./src/CB_RX0.o
 .ARM.attributes
                0x0000002c       0x2c ./src/CB_TX0.o
 .ARM.attributes
                0x00000058       0x2c ./src/GPIO_hexapode.o
 .ARM.attributes
                0x00000084       0x2c ./src/MCUXpresso_cr_startup.o
 .ARM.attributes
                0x000000b0       0x31 ./src/MCUXpresso_crp.o
 .ARM.attributes
                0x000000e1       0x2c ./src/MRT_hexapode.o
 .ARM.attributes
                0x0000010d       0x2c ./src/UART_hexapode.o
 .ARM.attributes
                0x00000139       0x2c ./src/lib_ENS_II1_lcd.o
 .ARM.attributes
                0x00000165       0x2c ./src/main.o
 .ARM.attributes
                0x00000191       0x2c ./src/protocol.o
 .ARM.attributes
                0x000001bd       0x2c ./src/robotCommand.o
 .ARM.attributes
                0x000001e9       0x2c ./src/system.o
 .ARM.attributes
                0x00000215       0x2c C:\Users\Andre\Desktop\Etudes\ENS\Cours\M1 - E3A\S1\441 - Informatique Industrielle\TP\TP5\peripherals_lib\flash\libperipherals_lib.a(i2c.o)
 .ARM.attributes
                0x00000241       0x2c C:\Users\Andre\Desktop\Etudes\ENS\Cours\M1 - E3A\S1\441 - Informatique Industrielle\TP\TP5\peripherals_lib\flash\libperipherals_lib.a(swm.o)
 .ARM.attributes
                0x0000026d       0x2c c:/nxp/mcuxpressoide_11.4.1_6260/ide/plugins/com.nxp.mcuxpresso.tools.win32_11.4.0.202103011116/tools/bin/../lib/gcc/arm-none-eabi/10.2.1/../../../../arm-none-eabi/lib/thumb/v6-m/nofp\libcr_semihost.a(_cr__main.o)
 .ARM.attributes
                0x00000299       0x2c c:/nxp/mcuxpressoide_11.4.1_6260/ide/plugins/com.nxp.mcuxpresso.tools.win32_11.4.0.202103011116/tools/bin/../lib/gcc/arm-none-eabi/10.2.1/../../../../arm-none-eabi/lib/thumb/v6-m/nofp\libcr_c.a(initio.o)
 .ARM.attributes
                0x000002c5       0x2c c:/nxp/mcuxpressoide_11.4.1_6260/ide/plugins/com.nxp.mcuxpresso.tools.win32_11.4.0.202103011116/tools/bin/../lib/gcc/arm-none-eabi/10.2.1/../../../../arm-none-eabi/lib/thumb/v6-m/nofp\libcr_c.a(setvbuf.o)
 .ARM.attributes
                0x000002f1       0x2c c:/nxp/mcuxpressoide_11.4.1_6260/ide/plugins/com.nxp.mcuxpresso.tools.win32_11.4.0.202103011116/tools/bin/../lib/gcc/arm-none-eabi/10.2.1/../../../../arm-none-eabi/lib/thumb/v6-m/nofp\libcr_c.a(_fdopen.o)
 .ARM.attributes
                0x0000031d       0x2c c:/nxp/mcuxpressoide_11.4.1_6260/ide/plugins/com.nxp.mcuxpresso.tools.win32_11.4.0.202103011116/tools/bin/../lib/gcc/arm-none-eabi/10.2.1/../../../../arm-none-eabi/lib/thumb/v6-m/nofp\libcr_c.a(fclose.o)
 .ARM.attributes
                0x00000349       0x2c c:/nxp/mcuxpressoide_11.4.1_6260/ide/plugins/com.nxp.mcuxpresso.tools.win32_11.4.0.202103011116/tools/bin/../lib/gcc/arm-none-eabi/10.2.1/../../../../arm-none-eabi/lib/thumb/v6-m/nofp\libcr_c.a(fflush.o)
 .ARM.attributes
                0x00000375       0x2c c:/nxp/mcuxpressoide_11.4.1_6260/ide/plugins/com.nxp.mcuxpresso.tools.win32_11.4.0.202103011116/tools/bin/../lib/gcc/arm-none-eabi/10.2.1/../../../../arm-none-eabi/lib/thumb/v6-m/nofp\libcr_c.a(fseek.o)
 .ARM.attributes
                0x000003a1       0x2c c:/nxp/mcuxpressoide_11.4.1_6260/ide/plugins/com.nxp.mcuxpresso.tools.win32_11.4.0.202103011116/tools/bin/../lib/gcc/arm-none-eabi/10.2.1/../../../../arm-none-eabi/lib/thumb/v6-m/nofp\libcr_c.a(ftell.o)
 .ARM.attributes
                0x000003cd       0x2c c:/nxp/mcuxpressoide_11.4.1_6260/ide/plugins/com.nxp.mcuxpresso.tools.win32_11.4.0.202103011116/tools/bin/../lib/gcc/arm-none-eabi/10.2.1/../../../../arm-none-eabi/lib/thumb/v6-m/nofp\libcr_c.a(remove.o)
 .ARM.attributes
                0x000003f9       0x2c c:/nxp/mcuxpressoide_11.4.1_6260/ide/plugins/com.nxp.mcuxpresso.tools.win32_11.4.0.202103011116/tools/bin/../lib/gcc/arm-none-eabi/10.2.1/../../../../arm-none-eabi/lib/thumb/v6-m/nofp\libcr_c.a(strlen.o)
 .ARM.attributes
                0x00000425       0x2c c:/nxp/mcuxpressoide_11.4.1_6260/ide/plugins/com.nxp.mcuxpresso.tools.win32_11.4.0.202103011116/tools/bin/../lib/gcc/arm-none-eabi/10.2.1/../../../../arm-none-eabi/lib/thumb/v6-m/nofp\libcr_c.a(memset.o)
 .ARM.attributes
                0x00000451       0x2c c:/nxp/mcuxpressoide_11.4.1_6260/ide/plugins/com.nxp.mcuxpresso.tools.win32_11.4.0.202103011116/tools/bin/../lib/gcc/arm-none-eabi/10.2.1/../../../../arm-none-eabi/lib/thumb/v6-m/nofp\libcr_c.a(_do_fflush.o)
 .ARM.attributes
                0x0000047d       0x2c c:/nxp/mcuxpressoide_11.4.1_6260/ide/plugins/com.nxp.mcuxpresso.tools.win32_11.4.0.202103011116/tools/bin/../lib/gcc/arm-none-eabi/10.2.1/../../../../arm-none-eabi/lib/thumb/v6-m/nofp\libcr_c.a(_fflush.o)
 .ARM.attributes
                0x000004a9       0x2c c:/nxp/mcuxpressoide_11.4.1_6260/ide/plugins/com.nxp.mcuxpresso.tools.win32_11.4.0.202103011116/tools/bin/../lib/gcc/arm-none-eabi/10.2.1/../../../../arm-none-eabi/lib/thumb/v6-m/nofp\libcr_c.a(_writebuf.o)
 .ARM.attributes
                0x000004d5       0x2c c:/nxp/mcuxpressoide_11.4.1_6260/ide/plugins/com.nxp.mcuxpresso.tools.win32_11.4.0.202103011116/tools/bin/../lib/gcc/arm-none-eabi/10.2.1/../../../../arm-none-eabi/lib/thumb/v6-m/nofp\libcr_c.a(alloc.o)
 .ARM.attributes
                0x00000501       0x31 c:/nxp/mcuxpressoide_11.4.1_6260/ide/plugins/com.nxp.mcuxpresso.tools.win32_11.4.0.202103011116/tools/bin/../lib/gcc/arm-none-eabi/10.2.1/../../../../arm-none-eabi/lib/thumb/v6-m/nofp\libcr_c.a(errno.o)
 .ARM.attributes
                0x00000532       0x2c c:/nxp/mcuxpressoide_11.4.1_6260/ide/plugins/com.nxp.mcuxpresso.tools.win32_11.4.0.202103011116/tools/bin/../lib/gcc/arm-none-eabi/10.2.1/../../../../arm-none-eabi/lib/thumb/v6-m/nofp\libcr_c.a(_deferredlazyseek.o)
 .ARM.attributes
                0x0000055e       0x2c c:/nxp/mcuxpressoide_11.4.1_6260/ide/plugins/com.nxp.mcuxpresso.tools.win32_11.4.0.202103011116/tools/bin/../lib/gcc/arm-none-eabi/10.2.1/thumb/v6-m/nofp\libcr_eabihelpers.a(double.o)
 .ARM.attributes
                0x0000058a       0x2c c:/nxp/mcuxpressoide_11.4.1_6260/ide/plugins/com.nxp.mcuxpresso.tools.win32_11.4.0.202103011116/tools/bin/../lib/gcc/arm-none-eabi/10.2.1/thumb/v6-m/nofp\libcr_eabihelpers.a(float.o)
 .ARM.attributes
                0x000005b6       0x1c c:/nxp/mcuxpressoide_11.4.1_6260/ide/plugins/com.nxp.mcuxpresso.tools.win32_11.4.0.202103011116/tools/bin/../lib/gcc/arm-none-eabi/10.2.1/thumb/v6-m/nofp\libcr_eabihelpers.a(llong.o)
 .ARM.attributes
                0x000005d2       0x1c c:/nxp/mcuxpressoide_11.4.1_6260/ide/plugins/com.nxp.mcuxpresso.tools.win32_11.4.0.202103011116/tools/bin/../lib/gcc/arm-none-eabi/10.2.1/thumb/v6-m/nofp\libcr_eabihelpers.a(memcpy.o)
 .ARM.attributes
                0x000005ee       0x31 c:/nxp/mcuxpressoide_11.4.1_6260/ide/plugins/com.nxp.mcuxpresso.tools.win32_11.4.0.202103011116/tools/bin/../lib/gcc/arm-none-eabi/10.2.1/../../../../arm-none-eabi/lib/thumb/v6-m/nofp\libcr_semihost.a(__ciob.o)
 .ARM.attributes
                0x0000061f       0x1c c:/nxp/mcuxpressoide_11.4.1_6260/ide/plugins/com.nxp.mcuxpresso.tools.win32_11.4.0.202103011116/tools/bin/../lib/gcc/arm-none-eabi/10.2.1/../../../../arm-none-eabi/lib/thumb/v6-m/nofp\libcr_semihost.a(__sys_close.o)
 .ARM.attributes
                0x0000063b       0x1c c:/nxp/mcuxpressoide_11.4.1_6260/ide/plugins/com.nxp.mcuxpresso.tools.win32_11.4.0.202103011116/tools/bin/../lib/gcc/arm-none-eabi/10.2.1/../../../../arm-none-eabi/lib/thumb/v6-m/nofp\libcr_semihost.a(__sys_flen.o)
 .ARM.attributes
                0x00000657       0x1c c:/nxp/mcuxpressoide_11.4.1_6260/ide/plugins/com.nxp.mcuxpresso.tools.win32_11.4.0.202103011116/tools/bin/../lib/gcc/arm-none-eabi/10.2.1/../../../../arm-none-eabi/lib/thumb/v6-m/nofp\libcr_semihost.a(__sys_istty.o)
 .ARM.attributes
                0x00000673       0x1c c:/nxp/mcuxpressoide_11.4.1_6260/ide/plugins/com.nxp.mcuxpresso.tools.win32_11.4.0.202103011116/tools/bin/../lib/gcc/arm-none-eabi/10.2.1/../../../../arm-none-eabi/lib/thumb/v6-m/nofp\libcr_semihost.a(__sys_remove.o)
 .ARM.attributes
                0x0000068f       0x1c c:/nxp/mcuxpressoide_11.4.1_6260/ide/plugins/com.nxp.mcuxpresso.tools.win32_11.4.0.202103011116/tools/bin/../lib/gcc/arm-none-eabi/10.2.1/../../../../arm-none-eabi/lib/thumb/v6-m/nofp\libcr_semihost.a(__sys_seek.o)
 .ARM.attributes
                0x000006ab       0x1c c:/nxp/mcuxpressoide_11.4.1_6260/ide/plugins/com.nxp.mcuxpresso.tools.win32_11.4.0.202103011116/tools/bin/../lib/gcc/arm-none-eabi/10.2.1/../../../../arm-none-eabi/lib/thumb/v6-m/nofp\libcr_semihost.a(__sys_tmpnam.o)
 .ARM.attributes
                0x000006c7       0x1c c:/nxp/mcuxpressoide_11.4.1_6260/ide/plugins/com.nxp.mcuxpresso.tools.win32_11.4.0.202103011116/tools/bin/../lib/gcc/arm-none-eabi/10.2.1/../../../../arm-none-eabi/lib/thumb/v6-m/nofp\libcr_semihost.a(__sys_write.o)

.debug_frame    0x00000000      0x7d0
 .debug_frame   0x00000000       0xac ./src/CB_RX0.o
 .debug_frame   0x000000ac       0xcc ./src/CB_TX0.o
 .debug_frame   0x00000178       0x2c ./src/GPIO_hexapode.o
 .debug_frame   0x000001a4      0x118 ./src/MCUXpresso_cr_startup.o
 .debug_frame   0x000002bc       0x6c ./src/MRT_hexapode.o
 .debug_frame   0x00000328       0xc4 ./src/UART_hexapode.o
 .debug_frame   0x000003ec       0xcc ./src/lib_ENS_II1_lcd.o
 .debug_frame   0x000004b8       0x6c ./src/main.o
 .debug_frame   0x00000524       0xec ./src/protocol.o
 .debug_frame   0x00000610       0x50 ./src/robotCommand.o
 .debug_frame   0x00000660       0x50 ./src/system.o
 .debug_frame   0x000006b0       0xb0 C:\Users\Andre\Desktop\Etudes\ENS\Cours\M1 - E3A\S1\441 - Informatique Industrielle\TP\TP5\peripherals_lib\flash\libperipherals_lib.a(i2c.o)
 .debug_frame   0x00000760       0x70 C:\Users\Andre\Desktop\Etudes\ENS\Cours\M1 - E3A\S1\441 - Informatique Industrielle\TP\TP5\peripherals_lib\flash\libperipherals_lib.a(swm.o)
