Archive member included to satisfy reference by file (symbol)

C:\Users\Pierre-Alexandre\Desktop\Etudes\441 - Informatique industrielle\Code\peripherals_lib\flash\libperipherals_lib.a(i2c.o)
                              ./src/lib_ENS_II1_lcd.o (I2CmasterWrite)
C:\Users\Pierre-Alexandre\Desktop\Etudes\441 - Informatique industrielle\Code\peripherals_lib\flash\libperipherals_lib.a(swm.o)
                              ./src/UART_hexapode.o (ConfigSWM)
c:/nxp/mcuxpressoide_11.4.1_6260/ide/plugins/com.nxp.mcuxpresso.tools.win32_11.4.0.202103011116/tools/bin/../lib/gcc/arm-none-eabi/10.2.1/../../../../arm-none-eabi/lib/thumb/v6-m/nofp\libcr_semihost.a(_cr__main.o)
                              ./src/MCUXpresso_cr_startup.o (__main)
c:/nxp/mcuxpressoide_11.4.1_6260/ide/plugins/com.nxp.mcuxpresso.tools.win32_11.4.0.202103011116/tools/bin/../lib/gcc/arm-none-eabi/10.2.1/../../../../arm-none-eabi/lib/thumb/v6-m/nofp\libcr_c.a(floorf.o)
                              ./src/robotCommand.o (floorf)
c:/nxp/mcuxpressoide_11.4.1_6260/ide/plugins/com.nxp.mcuxpresso.tools.win32_11.4.0.202103011116/tools/bin/../lib/gcc/arm-none-eabi/10.2.1/../../../../arm-none-eabi/lib/thumb/v6-m/nofp\libcr_c.a(acos.o)
                              ./src/robotCommand.o (acos)
c:/nxp/mcuxpressoide_11.4.1_6260/ide/plugins/com.nxp.mcuxpresso.tools.win32_11.4.0.202103011116/tools/bin/../lib/gcc/arm-none-eabi/10.2.1/../../../../arm-none-eabi/lib/thumb/v6-m/nofp\libcr_c.a(atan2.o)
                              ./src/robotCommand.o (atan2)
c:/nxp/mcuxpressoide_11.4.1_6260/ide/plugins/com.nxp.mcuxpresso.tools.win32_11.4.0.202103011116/tools/bin/../lib/gcc/arm-none-eabi/10.2.1/../../../../arm-none-eabi/lib/thumb/v6-m/nofp\libcr_c.a(cos.o)
                              ./src/robotCommand.o (cos)
c:/nxp/mcuxpressoide_11.4.1_6260/ide/plugins/com.nxp.mcuxpresso.tools.win32_11.4.0.202103011116/tools/bin/../lib/gcc/arm-none-eabi/10.2.1/../../../../arm-none-eabi/lib/thumb/v6-m/nofp\libcr_c.a(errno.o)
                              c:/nxp/mcuxpressoide_11.4.1_6260/ide/plugins/com.nxp.mcuxpresso.tools.win32_11.4.0.202103011116/tools/bin/../lib/gcc/arm-none-eabi/10.2.1/../../../../arm-none-eabi/lib/thumb/v6-m/nofp\libcr_c.a(atan2.o) (errno)
c:/nxp/mcuxpressoide_11.4.1_6260/ide/plugins/com.nxp.mcuxpresso.tools.win32_11.4.0.202103011116/tools/bin/../lib/gcc/arm-none-eabi/10.2.1/../../../../arm-none-eabi/lib/thumb/v6-m/nofp\libcr_c.a(fabs.o)
                              c:/nxp/mcuxpressoide_11.4.1_6260/ide/plugins/com.nxp.mcuxpresso.tools.win32_11.4.0.202103011116/tools/bin/../lib/gcc/arm-none-eabi/10.2.1/../../../../arm-none-eabi/lib/thumb/v6-m/nofp\libcr_c.a(atan2.o) (fabs)
c:/nxp/mcuxpressoide_11.4.1_6260/ide/plugins/com.nxp.mcuxpresso.tools.win32_11.4.0.202103011116/tools/bin/../lib/gcc/arm-none-eabi/10.2.1/../../../../arm-none-eabi/lib/thumb/v6-m/nofp\libcr_c.a(initio.o)
                              c:/nxp/mcuxpressoide_11.4.1_6260/ide/plugins/com.nxp.mcuxpresso.tools.win32_11.4.0.202103011116/tools/bin/../lib/gcc/arm-none-eabi/10.2.1/../../../../arm-none-eabi/lib/thumb/v6-m/nofp\libcr_semihost.a(_cr__main.o) (_initio)
c:/nxp/mcuxpressoide_11.4.1_6260/ide/plugins/com.nxp.mcuxpresso.tools.win32_11.4.0.202103011116/tools/bin/../lib/gcc/arm-none-eabi/10.2.1/../../../../arm-none-eabi/lib/thumb/v6-m/nofp\libcr_c.a(pow.o)
                              ./src/robotCommand.o (pow)
c:/nxp/mcuxpressoide_11.4.1_6260/ide/plugins/com.nxp.mcuxpresso.tools.win32_11.4.0.202103011116/tools/bin/../lib/gcc/arm-none-eabi/10.2.1/../../../../arm-none-eabi/lib/thumb/v6-m/nofp\libcr_c.a(setvbuf.o)
                              c:/nxp/mcuxpressoide_11.4.1_6260/ide/plugins/com.nxp.mcuxpresso.tools.win32_11.4.0.202103011116/tools/bin/../lib/gcc/arm-none-eabi/10.2.1/../../../../arm-none-eabi/lib/thumb/v6-m/nofp\libcr_c.a(initio.o) (setvbuf)
c:/nxp/mcuxpressoide_11.4.1_6260/ide/plugins/com.nxp.mcuxpresso.tools.win32_11.4.0.202103011116/tools/bin/../lib/gcc/arm-none-eabi/10.2.1/../../../../arm-none-eabi/lib/thumb/v6-m/nofp\libcr_c.a(sin.o)
                              ./src/robotCommand.o (sin)
c:/nxp/mcuxpressoide_11.4.1_6260/ide/plugins/com.nxp.mcuxpresso.tools.win32_11.4.0.202103011116/tools/bin/../lib/gcc/arm-none-eabi/10.2.1/../../../../arm-none-eabi/lib/thumb/v6-m/nofp\libcr_c.a(sqrt.o)
                              ./src/robotCommand.o (sqrt)
c:/nxp/mcuxpressoide_11.4.1_6260/ide/plugins/com.nxp.mcuxpresso.tools.win32_11.4.0.202103011116/tools/bin/../lib/gcc/arm-none-eabi/10.2.1/../../../../arm-none-eabi/lib/thumb/v6-m/nofp\libcr_c.a(_asinacos.o)
                              c:/nxp/mcuxpressoide_11.4.1_6260/ide/plugins/com.nxp.mcuxpresso.tools.win32_11.4.0.202103011116/tools/bin/../lib/gcc/arm-none-eabi/10.2.1/../../../../arm-none-eabi/lib/thumb/v6-m/nofp\libcr_c.a(acos.o) (_asinacos)
[...]
Memory Configuration

Name             Origin             Length             Attributes
MFlash32         0x00000000         0x00007f80         xr
RamLoc4          0x10000000         0x00001000         xrw
*default*        0x00000000         0xffffffff

Linker script and memory map

LOAD ./src/CB_RX0.o
LOAD ./src/CB_TX0.o
LOAD ./src/GPIO_hexapode.o
LOAD ./src/MCUXpresso_cr_startup.o
LOAD ./src/MCUXpresso_crp.o
LOAD ./src/MCUXpresso_mtb.o
LOAD ./src/MRT_hexapode.o
LOAD ./src/UART_hexapode.o
LOAD ./src/lib_ENS_II1_lcd.o
LOAD ./src/main.o
LOAD ./src/protocol.o
LOAD ./src/robotCommand.o
LOAD ./src/system.o
LOAD ./src/toolbox.o
LOAD C:\Users\Pierre-Alexandre\Desktop\Etudes\441 - Informatique industrielle\Code\peripherals_lib\flash\libperipherals_lib.a
LOAD C:\Users\Pierre-Alexandre\Desktop\Etudes\441 - Informatique industrielle\Code\utilities_lib\flash\libutilities_lib.a
START GROUP
LOAD c:/nxp/mcuxpressoide_11.4.1_6260/ide/plugins/com.nxp.mcuxpresso.tools.win32_11.4.0.202103011116/tools/bin/../lib/gcc/arm-none-eabi/10.2.1/../../../../arm-none-eabi/lib/thumb/v6-m/nofp\libcr_semihost.a
LOAD c:/nxp/mcuxpressoide_11.4.1_6260/ide/plugins/com.nxp.mcuxpresso.tools.win32_11.4.0.202103011116/tools/bin/../lib/gcc/arm-none-eabi/10.2.1/../../../../arm-none-eabi/lib/thumb/v6-m/nofp\libcr_c.a
LOAD c:/nxp/mcuxpressoide_11.4.1_6260/ide/plugins/com.nxp.mcuxpresso.tools.win32_11.4.0.202103011116/tools/bin/../lib/gcc/arm-none-eabi/10.2.1/thumb/v6-m/nofp\libcr_eabihelpers.a
LOAD c:/nxp/mcuxpressoide_11.4.1_6260/ide/plugins/com.nxp.mcuxpresso.tools.win32_11.4.0.202103011116/tools/bin/../lib/gcc/arm-none-eabi/10.2.1/thumb/v6-m/nofp\libgcc.a
END GROUP
                0x00000000                __base_MFlash32 = 0x0
                0x00000000                __base_Flash = 0x0
                0x00007f80                __top_MFlash32 = 0x7f80
                0x00007f80                __top_Flash = 0x7f80
                0x10000000                __base_RamLoc4 = 0x10000000
                0x10000000                __base_RAM = 0x10000000
                0x10001000                __top_RamLoc4 = 0x10001000
                0x10001000                __top_RAM = 0x10001000

.text           0x00000000     0x4f8c
 FILL mask 0xff
                0x00000000                __vectors_start__ = ABSOLUTE (.)
 *(.isr_vector)
 .isr_vector    0x00000000       0xc0 ./src/MCUXpresso_cr_startup.o
                0x00000000                g_pfnVectors
                0x000000c0                . = ALIGN (0x4)
                0x000000c0                __section_table_start = .
                0x000000c0                __data_section_table = .
                0x000000c0        0x4 LONG 0x4f8c LOADADDR (.data)
                0x000000c4        0x4 LONG 0x10000000 ADDR (.data)
                0x000000c8        0x4 LONG 0x4 SIZEOF (.data)
                0x000000cc                __data_section_table_end = .
                0x000000cc                __bss_section_table = .
                0x000000cc        0x4 LONG 0x10000004 ADDR (.bss)
                0x000000d0        0x4 LONG 0x428 SIZEOF (.bss)
                0x000000d4                __bss_section_table_end = .
                0x000000d4                __section_table_end = .
 *(.after_vectors*)
 .after_vectors
                0x000000d4      0x11c ./src/MCUXpresso_cr_startup.o
                0x000000d4                data_init
                0x00000116                bss_init
                0x0000014c                ResetISR
                0x000001cc                NMI_Handler
                0x000001d2                HardFault_Handler
                0x000001d8                SVC_Handler
                0x000001de                PendSV_Handler
                0x000001e4                SysTick_Handler
                0x000001ea                PININT1_IRQHandler
                0x000001ea                PININT2_IRQHandler
                0x000001ea                I2C1_IRQHandler
                0x000001ea                UART1_IRQHandler
                0x000001ea                ADC_SEQB_IRQHandler
                0x000001ea                I2C0_IRQHandler
                0x000001ea                WKT_IRQHandler
                0x000001ea                PININT7_IRQHandler
                0x000001ea                CMP_IRQHandler
                0x000001ea                PININT3_IRQHandler
                0x000001ea                PININT5_IRQHandler
                0x000001ea                PININT4_IRQHandler
                0x000001ea                ADC_THCMP_IRQHandler
                0x000001ea                PININT0_IRQHandler
                0x000001ea                BOD_IRQHandler
                0x000001ea                WDT_IRQHandler
                0x000001ea                IntDefaultHandler
                0x000001ea                ADC_SEQA_IRQHandler
                0x000001ea                DAC0_IRQHandler
                0x000001ea                PININT6_IRQHandler
                0x000001ea                SPI0_IRQHandler
                0x000001ea                ADC_OVR_IRQHandler
                0x000001ea                FLASH_IRQHandler
                0x000001ea                CTIMER0_IRQHandler
                0x000002fc                . = 0x2fc
 *fill*         0x000001f0      0x10c ff
                0x000002fc                PROVIDE (__CRP_WORD_START__ = .)
 *(.crp)
 .crp           0x000002fc        0x4 ./src/MCUXpresso_crp.o
                0x000002fc                CRP_WORD
                0x00000300                PROVIDE (__CRP_WORD_END__ = .)
                0x00000001                ASSERT (! ((__CRP_WORD_START__ == __CRP_WORD_END__)), Linker CRP Enabled, but no CRP_WORD provided within application)
 *(.text*)
 .text.CB_RX0_Add
                0x00000300       0x48 ./src/CB_RX0.o
                0x00000300                CB_RX0_Add
 .text.CB_RX0_Get
                0x00000348       0x40 ./src/CB_RX0.o
                0x00000348                CB_RX0_Get
 .text.CB_RX0_IsDataAvailable
                0x00000388       0x24 ./src/CB_RX0.o
                0x00000388                CB_RX0_IsDataAvailable
 .text.CB_RX0_GetRemainingSize
                0x000003ac       0x48 ./src/CB_RX0.o
                0x000003ac                CB_RX0_GetRemainingSize
 .text.SendMessage
                0x000003f4       0x78 ./src/CB_TX0.o
                0x000003f4                SendMessage
 .text.CB_TX0_Add
                0x0000046c       0x40 ./src/CB_TX0.o
                0x0000046c                CB_TX0_Add
 .text.CB_TX0_Get
                0x000004ac       0x40 ./src/CB_TX0.o
                0x000004ac                CB_TX0_Get
 .text.CB_TX0_endTransmission
                0x000004ec       0x14 ./src/CB_TX0.o
                0x000004ec                CB_TX0_endTransmission
 .text.CB_TX0_RemainingSize
                0x00000500       0x4c ./src/CB_TX0.o
                0x00000500                CB_TX0_RemainingSize
 .text.CB_TX0_GetDataSize
                0x0000054c       0x24 ./src/CB_TX0.o
                0x0000054c                CB_TX0_GetDataSize
 .text.init_GPIO
                0x00000570       0x38 ./src/GPIO_hexapode.o
                0x00000570                init_GPIO
 .text.init_MRT0
                0x000005a8       0x64 ./src/MRT_hexapode.o
                0x000005a8                init_MRT0
 .text.MRT_IRQHandler
                0x0000060c       0x44 ./src/MRT_hexapode.o
                0x0000060c                MRT_IRQHandler
 .text.MRT0_setFrequency
                0x00000650       0x3c ./src/MRT_hexapode.o
                0x00000650                MRT0_setFrequency
 .text.init_UART0
                0x0000068c       0xbc ./src/UART_hexapode.o
                0x0000068c                init_UART0
 .text.UART0_IRQHandler
                0x00000748       0x34 ./src/UART_hexapode.o
                0x00000748                UART0_IRQHandler
 .text.UART0_sendOne
                0x0000077c       0x34 ./src/UART_hexapode.o
                0x0000077c                UART0_sendOne
 .text.UART0_beginTransmission
                0x000007b0       0x24 ./src/UART_hexapode.o
                0x000007b0                UART0_beginTransmission
 .text.UART0_endTransmission
                0x000007d4       0x20 ./src/UART_hexapode.o
                0x000007d4                UART0_endTransmission
 .text.init_lcd
                0x000007f4      0x2bc ./src/lib_ENS_II1_lcd.o
                0x000007f4                init_lcd
 .text.main     0x00000ab0      0x1c8 ./src/main.o
                0x00000ab0                main
 .text.init_peripherals
                0x00000c78       0x50 ./src/main.o
                0x00000c78                init_peripherals
 .text.telerupteur
                0x00000cc8       0x58 ./src/main.o
                0x00000cc8                telerupteur
 .text.encodeAndSendMessage
                0x00000d20      0x1c8 ./src/protocol.o
                0x00000d20                encodeAndSendMessage
 .text.decodeMessage
                0x00000ee8      0x120 ./src/protocol.o
                0x00000ee8                decodeMessage
 .text.processDecodedMessage
                0x00001008       0x28 ./src/protocol.o
                0x00001008                processDecodedMessage
 .text.calculateChecksum
                0x00001030       0x92 ./src/protocol.o
                0x00001030                calculateChecksum
 *fill*         0x000010c2        0x2 ff
 .text.setAnswerReceived
                0x000010c4       0x14 ./src/protocol.o
                0x000010c4                setAnswerReceived
 .text.setMotorPosition
                0x000010d8      0x100 ./src/robotCommand.o
                0x000010d8                setMotorPosition
 .text.marche_sinus
                0x000011d8     0x1778 ./src/robotCommand.o
                0x000011d8                marche_sinus
 .text.SystemInit
                0x00002950       0x90 ./src/system.o
                0x00002950                SystemInit
 .text.limitToInterval
                0x000029e0       0x36 ./src/toolbox.o
                0x000029e0                limitToInterval
 *fill*         0x00002a16        0x2 ff
 .text.I2CmasterWrite
                0x00002a18       0x78 C:\Users\Pierre-Alexandre\Desktop\Etudes\441 - Informatique industrielle\Code\peripherals_lib\flash\libperipherals_lib.a(i2c.o)
                0x00002a18                I2CmasterWrite
 .text.WaitI2CMasterState
                0x00002a90       0x2e C:\Users\Pierre-Alexandre\Desktop\Etudes\441 - Informatique industrielle\Code\peripherals_lib\flash\libperipherals_lib.a(i2c.o)
                0x00002a90                WaitI2CMasterState
 *fill*         0x00002abe        0x2 ff
 .text.ConfigSWM
                0x00002ac0       0x80 C:\Users\Pierre-Alexandre\Desktop\Etudes\441 - Informatique industrielle\Code\peripherals_lib\flash\libperipherals_lib.a(swm.o)
                0x00002ac0                ConfigSWM
 .text.__main   0x00002b40        0xc c:/nxp/mcuxpressoide_11.4.1_6260/ide/plugins/com.nxp.mcuxpresso.tools.win32_11.4.0.202103011116/tools/bin/../lib/gcc/arm-none-eabi/10.2.1/../../../../arm-none-eabi/lib/thumb/v6-m/nofp\libcr_semihost.a(_cr__main.o)
                0x00002b40                __CR_SEMIHOST
                0x00002b40                __main
 .text.floorf   0x00002b4c       0x54 c:/nxp/mcuxpressoide_11.4.1_6260/ide/plugins/com.nxp.mcuxpresso.tools.win32_11.4.0.202103011116/tools/bin/../lib/gcc/arm-none-eabi/10.2.1/../../../../arm-none-eabi/lib/thumb/v6-m/nofp\libcr_c.a(floorf.o)
                0x00002b4c                floorf
 .text.acos     0x00002ba0        0xa c:/nxp/mcuxpressoide_11.4.1_6260/ide/plugins/com.nxp.mcuxpresso.tools.win32_11.4.0.202103011116/tools/bin/../lib/gcc/arm-none-eabi/10.2.1/../../../../arm-none-eabi/lib/thumb/v6-m/nofp\libcr_c.a(acos.o)
                0x00002ba0                acos
 *fill*         0x00002baa        0x2 ff
 .text.atan2    0x00002bac      0x108 c:/nxp/mcuxpressoide_11.4.1_6260/ide/plugins/com.nxp.mcuxpresso.tools.win32_11.4.0.202103011116/tools/bin/../lib/gcc/arm-none-eabi/10.2.1/../../../../arm-none-eabi/lib/thumb/v6-m/nofp\libcr_c.a(atan2.o)
                0x00002bac                atan2
 .text.cos      0x00002cb4       0x5c c:/nxp/mcuxpressoide_11.4.1_6260/ide/plugins/com.nxp.mcuxpresso.tools.win32_11.4.0.202103011116/tools/bin/../lib/gcc/arm-none-eabi/10.2.1/../../../../arm-none-eabi/lib/thumb/v6-m/nofp\libcr_c.a(cos.o)
                0x00002cb4                cos
 .text.fabs     0x00002d10       0x22 c:/nxp/mcuxpressoide_11.4.1_6260/ide/plugins/com.nxp.mcuxpresso.tools.win32_11.4.0.202103011116/tools/bin/../lib/gcc/arm-none-eabi/10.2.1/../../../../arm-none-eabi/lib/thumb/v6-m/nofp\libcr_c.a(fabs.o)
                0x00002d10                fabs
 *fill*         0x00002d32        0x2 ff
 .text._initio  0x00002d34       0x7c c:/nxp/mcuxpressoide_11.4.1_6260/ide/plugins/com.nxp.mcuxpresso.tools.win32_11.4.0.202103011116/tools/bin/../lib/gcc/arm-none-eabi/10.2.1/../../../../arm-none-eabi/lib/thumb/v6-m/nofp\libcr_c.a(initio.o)
                0x00002d34                _initio
 .text.pow      0x00002db0      0x548 c:/nxp/mcuxpressoide_11.4.1_6260/ide/plugins/com.nxp.mcuxpresso.tools.win32_11.4.0.202103011116/tools/bin/../lib/gcc/arm-none-eabi/10.2.1/../../../../arm-none-eabi/lib/thumb/v6-m/nofp\libcr_c.a(pow.o)
                0x00002db0                pow
 .text.setvbuf  0x000032f8       0x4c c:/nxp/mcuxpressoide_11.4.1_6260/ide/plugins/com.nxp.mcuxpresso.tools.win32_11.4.0.202103011116/tools/bin/../lib/gcc/arm-none-eabi/10.2.1/../../../../arm-none-eabi/lib/thumb/v6-m/nofp\libcr_c.a(setvbuf.o)
                0x000032f8                setvbuf
 .text.sin      0x00003344       0x36 c:/nxp/mcuxpressoide_11.4.1_6260/ide/plugins/com.nxp.mcuxpresso.tools.win32_11.4.0.202103011116/tools/bin/../lib/gcc/arm-none-eabi/10.2.1/../../../../arm-none-eabi/lib/thumb/v6-m/nofp\libcr_c.a(sin.o)
                0x00003344                sin
 *fill*         0x0000337a        0x2 ff
 .text.sqrt     0x0000337c      0x134 c:/nxp/mcuxpressoide_11.4.1_6260/ide/plugins/com.nxp.mcuxpresso.tools.win32_11.4.0.202103011116/tools/bin/../lib/gcc/arm-none-eabi/10.2.1/../../../../arm-none-eabi/lib/thumb/v6-m/nofp\libcr_c.a(sqrt.o)
                0x0000337c                sqrt
 .text._asinacos
                0x000034b0      0x270 c:/nxp/mcuxpressoide_11.4.1_6260/ide/plugins/com.nxp.mcuxpresso.tools.win32_11.4.0.202103011116/tools/bin/../lib/gcc/arm-none-eabi/10.2.1/../../../../arm-none-eabi/lib/thumb/v6-m/nofp\libcr_c.a(_asinacos.o)
                0x000034b0                _asinacos
 .text._fdopen  0x00003720       0x74 c:/nxp/mcuxpressoide_11.4.1_6260/ide/plugins/com.nxp.mcuxpresso.tools.win32_11.4.0.202103011116/tools/bin/../lib/gcc/arm-none-eabi/10.2.1/../../../../arm-none-eabi/lib/thumb/v6-m/nofp\libcr_c.a(_fdopen.o)
                0x00003720                _fdopen
 .text._sincos  0x00003794      0x1dc c:/nxp/mcuxpressoide_11.4.1_6260/ide/plugins/com.nxp.mcuxpresso.tools.win32_11.4.0.202103011116/tools/bin/../lib/gcc/arm-none-eabi/10.2.1/../../../../arm-none-eabi/lib/thumb/v6-m/nofp\libcr_c.a(_sincos.o)
                0x00003794                _sincos
 .text.atan     0x00003970      0x204 c:/nxp/mcuxpressoide_11.4.1_6260/ide/plugins/com.nxp.mcuxpresso.tools.win32_11.4.0.202103011116/tools/bin/../lib/gcc/arm-none-eabi/10.2.1/../../../../arm-none-eabi/lib/thumb/v6-m/nofp\libcr_c.a(atan.o)
                0x00003970                atan
 .text.fclose   0x00003b74       0x5c c:/nxp/mcuxpressoide_11.4.1_6260/ide/plugins/com.nxp.mcuxpresso.tools.win32_11.4.0.202103011116/tools/bin/../lib/gcc/arm-none-eabi/10.2.1/../../../../arm-none-eabi/lib/thumb/v6-m/nofp\libcr_c.a(fclose.o)
                0x00003b74                fclose
 .text.fflush   0x00003bd0       0x44 c:/nxp/mcuxpressoide_11.4.1_6260/ide/plugins/com.nxp.mcuxpresso.tools.win32_11.4.0.202103011116/tools/bin/../lib/gcc/arm-none-eabi/10.2.1/../../../../arm-none-eabi/lib/thumb/v6-m/nofp\libcr_c.a(fflush.o)
                0x00003bd0                fflush
 .text.frexp    0x00003c14       0x80 c:/nxp/mcuxpressoide_11.4.1_6260/ide/plugins/com.nxp.mcuxpresso.tools.win32_11.4.0.202103011116/tools/bin/../lib/gcc/arm-none-eabi/10.2.1/../../../../arm-none-eabi/lib/thumb/v6-m/nofp\libcr_c.a(frexp.o)
                0x00003c14                frexp
 .text.fseek    0x00003c94       0xf0 c:/nxp/mcuxpressoide_11.4.1_6260/ide/plugins/com.nxp.mcuxpresso.tools.win32_11.4.0.202103011116/tools/bin/../lib/gcc/arm-none-eabi/10.2.1/../../../../arm-none-eabi/lib/thumb/v6-m/nofp\libcr_c.a(fseek.o)
                0x00003c94                fseek
 .text.ftell    0x00003d84       0x48 c:/nxp/mcuxpressoide_11.4.1_6260/ide/plugins/com.nxp.mcuxpresso.tools.win32_11.4.0.202103011116/tools/bin/../lib/gcc/arm-none-eabi/10.2.1/../../../../arm-none-eabi/lib/thumb/v6-m/nofp\libcr_c.a(ftell.o)
                0x00003d84                ftell
 .text.ldexp    0x00003dcc       0x58 c:/nxp/mcuxpressoide_11.4.1_6260/ide/plugins/com.nxp.mcuxpresso.tools.win32_11.4.0.202103011116/tools/bin/../lib/gcc/arm-none-eabi/10.2.1/../../../../arm-none-eabi/lib/thumb/v6-m/nofp\libcr_c.a(ldexp.o)
                0x00003dcc                ldexp
 .text.remove   0x00003e24       0x12 c:/nxp/mcuxpressoide_11.4.1_6260/ide/plugins/com.nxp.mcuxpresso.tools.win32_11.4.0.202103011116/tools/bin/../lib/gcc/arm-none-eabi/10.2.1/../../../../arm-none-eabi/lib/thumb/v6-m/nofp\libcr_c.a(remove.o)
                0x00003e24                remove
 *fill*         0x00003e36        0x2 ff
 .text.strlen   0x00003e38       0x58 c:/nxp/mcuxpressoide_11.4.1_6260/ide/plugins/com.nxp.mcuxpresso.tools.win32_11.4.0.202103011116/tools/bin/../lib/gcc/arm-none-eabi/10.2.1/../../../../arm-none-eabi/lib/thumb/v6-m/nofp\libcr_c.a(strlen.o)
                0x00003e38                strlen
 .text.memset   0x00003e90        0x8 c:/nxp/mcuxpressoide_11.4.1_6260/ide/plugins/com.nxp.mcuxpresso.tools.win32_11.4.0.202103011116/tools/bin/../lib/gcc/arm-none-eabi/10.2.1/../../../../arm-none-eabi/lib/thumb/v6-m/nofp\libcr_c.a(memset.o)
                0x00003e90                memset
 .text._do_fflush
                0x00003e98       0x48 c:/nxp/mcuxpressoide_11.4.1_6260/ide/plugins/com.nxp.mcuxpresso.tools.win32_11.4.0.202103011116/tools/bin/../lib/gcc/arm-none-eabi/10.2.1/../../../../arm-none-eabi/lib/thumb/v6-m/nofp\libcr_c.a(_do_fflush.o)
                0x00003e98                _do_fflush
 .text._fflush  0x00003ee0       0x60 c:/nxp/mcuxpressoide_11.4.1_6260/ide/plugins/com.nxp.mcuxpresso.tools.win32_11.4.0.202103011116/tools/bin/../lib/gcc/arm-none-eabi/10.2.1/../../../../arm-none-eabi/lib/thumb/v6-m/nofp\libcr_c.a(_fflush.o)
                0x00003ee0                _fflush
 .text._Cwritebuf
                0x00003f40       0x68 c:/nxp/mcuxpressoide_11.4.1_6260/ide/plugins/com.nxp.mcuxpresso.tools.win32_11.4.0.202103011116/tools/bin/../lib/gcc/arm-none-eabi/10.2.1/../../../../arm-none-eabi/lib/thumb/v6-m/nofp\libcr_c.a(_writebuf.o)
                0x00003f40                _Cwritebuf
 .text.free     0x00003fa8       0x2c c:/nxp/mcuxpressoide_11.4.1_6260/ide/plugins/com.nxp.mcuxpresso.tools.win32_11.4.0.202103011116/tools/bin/../lib/gcc/arm-none-eabi/10.2.1/../../../../arm-none-eabi/lib/thumb/v6-m/nofp\libcr_c.a(alloc.o)
                0x00003fa8                free
 .text._deferredlazyseek
                0x00003fd4       0x40 c:/nxp/mcuxpressoide_11.4.1_6260/ide/plugins/com.nxp.mcuxpresso.tools.win32_11.4.0.202103011116/tools/bin/../lib/gcc/arm-none-eabi/10.2.1/../../../../arm-none-eabi/lib/thumb/v6-m/nofp\libcr_c.a(_deferredlazyseek.o)
                0x00003fd4                _deferredlazyseek
 .text.__aeabi_dmul
                0x00004014      0x184 c:/nxp/mcuxpressoide_11.4.1_6260/ide/plugins/com.nxp.mcuxpresso.tools.win32_11.4.0.202103011116/tools/bin/../lib/gcc/arm-none-eabi/10.2.1/thumb/v6-m/nofp\libcr_eabihelpers.a(double.o)
                0x00004014                __aeabi_dmul
 .text.__aeabi_ddiv
                0x00004198      0x14c c:/nxp/mcuxpressoide_11.4.1_6260/ide/plugins/com.nxp.mcuxpresso.tools.win32_11.4.0.202103011116/tools/bin/../lib/gcc/arm-none-eabi/10.2.1/thumb/v6-m/nofp\libcr_eabihelpers.a(double.o)
                0x00004198                __aeabi_ddiv
 .text.__aeabi_dsub
                0x000042e4      0x1c0 c:/nxp/mcuxpressoide_11.4.1_6260/ide/plugins/com.nxp.mcuxpresso.tools.win32_11.4.0.202103011116/tools/bin/../lib/gcc/arm-none-eabi/10.2.1/thumb/v6-m/nofp\libcr_eabihelpers.a(double.o)
                0x000042e4                __aeabi_dsub
 .text.__aeabi_dadd
                0x000044a4      0x134 c:/nxp/mcuxpressoide_11.4.1_6260/ide/plugins/com.nxp.mcuxpresso.tools.win32_11.4.0.202103011116/tools/bin/../lib/gcc/arm-none-eabi/10.2.1/thumb/v6-m/nofp\libcr_eabihelpers.a(double.o)
                0x000044a4                __aeabi_dadd
 .text.__aeabi_d2f
                0x000045d8       0x60 c:/nxp/mcuxpressoide_11.4.1_6260/ide/plugins/com.nxp.mcuxpresso.tools.win32_11.4.0.202103011116/tools/bin/../lib/gcc/arm-none-eabi/10.2.1/thumb/v6-m/nofp\libcr_eabihelpers.a(double.o)
                0x000045d8                __aeabi_d2f
 .text.__aeabi_d2iz
                0x00004638       0x50 c:/nxp/mcuxpressoide_11.4.1_6260/ide/plugins/com.nxp.mcuxpresso.tools.win32_11.4.0.202103011116/tools/bin/../lib/gcc/arm-none-eabi/10.2.1/thumb/v6-m/nofp\libcr_eabihelpers.a(double.o)
                0x00004638                __aeabi_d2iz
 .text.__aeabi_d2uiz
                0x00004688       0x38 c:/nxp/mcuxpressoide_11.4.1_6260/ide/plugins/com.nxp.mcuxpresso.tools.win32_11.4.0.202103011116/tools/bin/../lib/gcc/arm-none-eabi/10.2.1/thumb/v6-m/nofp\libcr_eabihelpers.a(double.o)
                0x00004688                __aeabi_d2uiz
 .text.__bhs_ui2d
                0x000046c0       0x5e c:/nxp/mcuxpressoide_11.4.1_6260/ide/plugins/com.nxp.mcuxpresso.tools.win32_11.4.0.202103011116/tools/bin/../lib/gcc/arm-none-eabi/10.2.1/thumb/v6-m/nofp\libcr_eabihelpers.a(double.o)
                0x000046c0                __bhs_ui2d
 .text.__aeabi_i2d
                0x0000471e       0x18 c:/nxp/mcuxpressoide_11.4.1_6260/ide/plugins/com.nxp.mcuxpresso.tools.win32_11.4.0.202103011116/tools/bin/../lib/gcc/arm-none-eabi/10.2.1/thumb/v6-m/nofp\libcr_eabihelpers.a(double.o)
                0x0000471e                __aeabi_i2d
 .text.__aeabi_ui2d
                0x00004736        0xc c:/nxp/mcuxpressoide_11.4.1_6260/ide/plugins/com.nxp.mcuxpresso.tools.win32_11.4.0.202103011116/tools/bin/../lib/gcc/arm-none-eabi/10.2.1/thumb/v6-m/nofp\libcr_eabihelpers.a(double.o)
                0x00004736                __aeabi_ui2d
 *fill*         0x00004742        0x2 ff
 .text.__aeabi_dcmpeq
                0x00004744       0x30 c:/nxp/mcuxpressoide_11.4.1_6260/ide/plugins/com.nxp.mcuxpresso.tools.win32_11.4.0.202103011116/tools/bin/../lib/gcc/arm-none-eabi/10.2.1/thumb/v6-m/nofp\libcr_eabihelpers.a(double.o)
                0x00004744                __aeabi_dcmpeq
 .text.__aeabi_dcmplt
                0x00004774       0x60 c:/nxp/mcuxpressoide_11.4.1_6260/ide/plugins/com.nxp.mcuxpresso.tools.win32_11.4.0.202103011116/tools/bin/../lib/gcc/arm-none-eabi/10.2.1/thumb/v6-m/nofp\libcr_eabihelpers.a(double.o)
                0x00004774                __aeabi_dcmplt
 .text.__aeabi_dcmpgt
                0x000047d4       0x5c c:/nxp/mcuxpressoide_11.4.1_6260/ide/plugins/com.nxp.mcuxpresso.tools.win32_11.4.0.202103011116/tools/bin/../lib/gcc/arm-none-eabi/10.2.1/thumb/v6-m/nofp\libcr_eabihelpers.a(double.o)
                0x000047d4                __aeabi_dcmpgt
 .text.__aeabi_dcmple
                0x00004830       0x5c c:/nxp/mcuxpressoide_11.4.1_6260/ide/plugins/com.nxp.mcuxpresso.tools.win32_11.4.0.202103011116/tools/bin/../lib/gcc/arm-none-eabi/10.2.1/thumb/v6-m/nofp\libcr_eabihelpers.a(double.o)
                0x00004830                __aeabi_dcmple
 .text.__aeabi_dcmpge
                0x0000488c       0x5c c:/nxp/mcuxpressoide_11.4.1_6260/ide/plugins/com.nxp.mcuxpresso.tools.win32_11.4.0.202103011116/tools/bin/../lib/gcc/arm-none-eabi/10.2.1/thumb/v6-m/nofp\libcr_eabihelpers.a(double.o)
                0x0000488c                __aeabi_dcmpge
 .text.__aeabi_fmul
                0x000048e8       0xc0 c:/nxp/mcuxpressoide_11.4.1_6260/ide/plugins/com.nxp.mcuxpresso.tools.win32_11.4.0.202103011116/tools/bin/../lib/gcc/arm-none-eabi/10.2.1/thumb/v6-m/nofp\libcr_eabihelpers.a(float.o)
                0x000048e8                __aeabi_fmul
 .text.__aeabi_fsub
                0x000049a8      0x128 c:/nxp/mcuxpressoide_11.4.1_6260/ide/plugins/com.nxp.mcuxpresso.tools.win32_11.4.0.202103011116/tools/bin/../lib/gcc/arm-none-eabi/10.2.1/thumb/v6-m/nofp\libcr_eabihelpers.a(float.o)
                0x000049a8                __aeabi_fsub
 .text.__aeabi_fadd
                0x00004ad0       0xac c:/nxp/mcuxpressoide_11.4.1_6260/ide/plugins/com.nxp.mcuxpresso.tools.win32_11.4.0.202103011116/tools/bin/../lib/gcc/arm-none-eabi/10.2.1/thumb/v6-m/nofp\libcr_eabihelpers.a(float.o)
                0x00004ad0                __aeabi_fadd
 .text.__aeabi_f2uiz
                0x00004b7c       0x2a c:/nxp/mcuxpressoide_11.4.1_6260/ide/plugins/com.nxp.mcuxpresso.tools.win32_11.4.0.202103011116/tools/bin/../lib/gcc/arm-none-eabi/10.2.1/thumb/v6-m/nofp\libcr_eabihelpers.a(float.o)
                0x00004b7c                __aeabi_f2uiz
 .text.__bhs_ui2f
                0x00004ba6       0x60 c:/nxp/mcuxpressoide_11.4.1_6260/ide/plugins/com.nxp.mcuxpresso.tools.win32_11.4.0.202103011116/tools/bin/../lib/gcc/arm-none-eabi/10.2.1/thumb/v6-m/nofp\libcr_eabihelpers.a(float.o)
                0x00004ba6                __bhs_ui2f
 .text.__aeabi_i2f
                0x00004c06       0x18 c:/nxp/mcuxpressoide_11.4.1_6260/ide/plugins/com.nxp.mcuxpresso.tools.win32_11.4.0.202103011116/tools/bin/../lib/gcc/arm-none-eabi/10.2.1/thumb/v6-m/nofp\libcr_eabihelpers.a(float.o)
                0x00004c06                __aeabi_i2f
 .text.__aeabi_ui2f
                0x00004c1e        0xc c:/nxp/mcuxpressoide_11.4.1_6260/ide/plugins/com.nxp.mcuxpresso.tools.win32_11.4.0.202103011116/tools/bin/../lib/gcc/arm-none-eabi/10.2.1/thumb/v6-m/nofp\libcr_eabihelpers.a(float.o)
                0x00004c1e                __aeabi_ui2f
 *fill*         0x00004c2a        0x2 ff
 .text.__aeabi_f2d
                0x00004c2c       0x40 c:/nxp/mcuxpressoide_11.4.1_6260/ide/plugins/com.nxp.mcuxpresso.tools.win32_11.4.0.202103011116/tools/bin/../lib/gcc/arm-none-eabi/10.2.1/thumb/v6-m/nofp\libcr_eabihelpers.a(float.o)
                0x00004c2c                __aeabi_f2d
 .text.__aeabi_fcmpeq
                0x00004c6c       0x20 c:/nxp/mcuxpressoide_11.4.1_6260/ide/plugins/com.nxp.mcuxpresso.tools.win32_11.4.0.202103011116/tools/bin/../lib/gcc/arm-none-eabi/10.2.1/thumb/v6-m/nofp\libcr_eabihelpers.a(float.o)
                0x00004c6c                __aeabi_fcmpeq
 .text.__aeabi_fcmplt
                0x00004c8c       0x42 c:/nxp/mcuxpressoide_11.4.1_6260/ide/plugins/com.nxp.mcuxpresso.tools.win32_11.4.0.202103011116/tools/bin/../lib/gcc/arm-none-eabi/10.2.1/thumb/v6-m/nofp\libcr_eabihelpers.a(float.o)
                0x00004c8c                __aeabi_fcmplt
 .text.__aeabi_fcmpgt
                0x00004cce       0x3e c:/nxp/mcuxpressoide_11.4.1_6260/ide/plugins/com.nxp.mcuxpresso.tools.win32_11.4.0.202103011116/tools/bin/../lib/gcc/arm-none-eabi/10.2.1/thumb/v6-m/nofp\libcr_eabihelpers.a(float.o)
                0x00004cce                __aeabi_fcmpgt
 .text.__aeabi_llong_lmul
                0x00004d0c       0x2e c:/nxp/mcuxpressoide_11.4.1_6260/ide/plugins/com.nxp.mcuxpresso.tools.win32_11.4.0.202103011116/tools/bin/../lib/gcc/arm-none-eabi/10.2.1/thumb/v6-m/nofp\libcr_eabihelpers.a(llong.o)
                0x00004d0c                __aeabi_lmul
 .text.__aeabi_memset_lowlevel
                0x00004d3a       0x2a c:/nxp/mcuxpressoide_11.4.1_6260/ide/plugins/com.nxp.mcuxpresso.tools.win32_11.4.0.202103011116/tools/bin/../lib/gcc/arm-none-eabi/10.2.1/thumb/v6-m/nofp\libcr_eabihelpers.a(memcpy.o)
                0x00004d3a                __aeabi_lowlevel_memset
 .text.__sys_close
                0x00004d64        0xc c:/nxp/mcuxpressoide_11.4.1_6260/ide/plugins/com.nxp.mcuxpresso.tools.win32_11.4.0.202103011116/tools/bin/../lib/gcc/arm-none-eabi/10.2.1/../../../../arm-none-eabi/lib/thumb/v6-m/nofp\libcr_semihost.a(__sys_close.o)
                0x00004d64                __sys_close
 .text.__sys_flen
                0x00004d70        0xc c:/nxp/mcuxpressoide_11.4.1_6260/ide/plugins/com.nxp.mcuxpresso.tools.win32_11.4.0.202103011116/tools/bin/../lib/gcc/arm-none-eabi/10.2.1/../../../../arm-none-eabi/lib/thumb/v6-m/nofp\libcr_semihost.a(__sys_flen.o)
                0x00004d70                __sys_flen
 .text.__sys_istty
                0x00004d7c        0xc c:/nxp/mcuxpressoide_11.4.1_6260/ide/plugins/com.nxp.mcuxpresso.tools.win32_11.4.0.202103011116/tools/bin/../lib/gcc/arm-none-eabi/10.2.1/../../../../arm-none-eabi/lib/thumb/v6-m/nofp\libcr_semihost.a(__sys_istty.o)
                0x00004d7c                __sys_istty
 .text.__sys_remove
                0x00004d88        0xc c:/nxp/mcuxpressoide_11.4.1_6260/ide/plugins/com.nxp.mcuxpresso.tools.win32_11.4.0.202103011116/tools/bin/../lib/gcc/arm-none-eabi/10.2.1/../../../../arm-none-eabi/lib/thumb/v6-m/nofp\libcr_semihost.a(__sys_remove.o)
                0x00004d88                __sys_remove
 .text.__sys_seek
                0x00004d94        0xc c:/nxp/mcuxpressoide_11.4.1_6260/ide/plugins/com.nxp.mcuxpresso.tools.win32_11.4.0.202103011116/tools/bin/../lib/gcc/arm-none-eabi/10.2.1/../../../../arm-none-eabi/lib/thumb/v6-m/nofp\libcr_semihost.a(__sys_seek.o)
                0x00004d94                __sys_seek
 .text.__sys_tmpnam
                0x00004da0        0xc c:/nxp/mcuxpressoide_11.4.1_6260/ide/plugins/com.nxp.mcuxpresso.tools.win32_11.4.0.202103011116/tools/bin/../lib/gcc/arm-none-eabi/10.2.1/../../../../arm-none-eabi/lib/thumb/v6-m/nofp\libcr_semihost.a(__sys_tmpnam.o)
                0x00004da0                __sys_tmpnam
 .text.__sys_write
                0x00004dac        0xc c:/nxp/mcuxpressoide_11.4.1_6260/ide/plugins/com.nxp.mcuxpresso.tools.win32_11.4.0.202103011116/tools/bin/../lib/gcc/arm-none-eabi/10.2.1/../../../../arm-none-eabi/lib/thumb/v6-m/nofp\libcr_semihost.a(__sys_write.o)
                0x00004dac                __sys_write
 *(.rodata .rodata.* .constdata .constdata.*)
 .rodata.decodeMessage
                0x00004db8       0x1c ./src/protocol.o
 .rodata.positionLowLimit
                0x00004dd4       0x24 ./src/robotCommand.o
                0x00004dd4                positionLowLimit
 .rodata.positionHighLimit
                0x00004df8       0x24 ./src/robotCommand.o
                0x00004df8                positionHighLimit
 .rodata        0x00004e1c       0x30 ./src/robotCommand.o
 .rodata.xddinit.0
                0x00004e4c       0x18 ./src/robotCommand.o
 .rodata.yddinit.1
                0x00004e64       0x18 ./src/robotCommand.o
 .rodata._initio.str1.1
                0x00004e7c        0x4 c:/nxp/mcuxpressoide_11.4.1_6260/ide/plugins/com.nxp.mcuxpresso.tools.win32_11.4.0.202103011116/tools/bin/../lib/gcc/arm-none-eabi/10.2.1/../../../../arm-none-eabi/lib/thumb/v6-m/nofp\libcr_c.a(initio.o)
 .rodata.a1.1   0x00004e80       0x88 c:/nxp/mcuxpressoide_11.4.1_6260/ide/plugins/com.nxp.mcuxpresso.tools.win32_11.4.0.202103011116/tools/bin/../lib/gcc/arm-none-eabi/10.2.1/../../../../arm-none-eabi/lib/thumb/v6-m/nofp\libcr_c.a(pow.o)
 .rodata.a2.0   0x00004f08       0x40 c:/nxp/mcuxpressoide_11.4.1_6260/ide/plugins/com.nxp.mcuxpresso.tools.win32_11.4.0.202103011116/tools/bin/../lib/gcc/arm-none-eabi/10.2.1/../../../../arm-none-eabi/lib/thumb/v6-m/nofp\libcr_c.a(pow.o)
 .rodata.a.1    0x00004f48       0x10 c:/nxp/mcuxpressoide_11.4.1_6260/ide/plugins/com.nxp.mcuxpresso.tools.win32_11.4.0.202103011116/tools/bin/../lib/gcc/arm-none-eabi/10.2.1/../../../../arm-none-eabi/lib/thumb/v6-m/nofp\libcr_c.a(_asinacos.o)
 .rodata.b.0    0x00004f58       0x10 c:/nxp/mcuxpressoide_11.4.1_6260/ide/plugins/com.nxp.mcuxpresso.tools.win32_11.4.0.202103011116/tools/bin/../lib/gcc/arm-none-eabi/10.2.1/../../../../arm-none-eabi/lib/thumb/v6-m/nofp\libcr_c.a(_asinacos.o)
 .rodata.a.0    0x00004f68       0x20 c:/nxp/mcuxpressoide_11.4.1_6260/ide/plugins/com.nxp.mcuxpresso.tools.win32_11.4.0.202103011116/tools/bin/../lib/gcc/arm-none-eabi/10.2.1/../../../../arm-none-eabi/lib/thumb/v6-m/nofp\libcr_c.a(atan.o)
 .rodata.__num_Ciob_streams
                0x00004f88        0x4 c:/nxp/mcuxpressoide_11.4.1_6260/ide/plugins/com.nxp.mcuxpresso.tools.win32_11.4.0.202103011116/tools/bin/../lib/gcc/arm-none-eabi/10.2.1/../../../../arm-none-eabi/lib/thumb/v6-m/nofp\libcr_semihost.a(__ciob.o)
                0x00004f88                __num_Ciob_streams
                0x00004f8c                . = ALIGN (0x4)

.glue_7         0x00004f8c        0x0
 .glue_7        0x00004f8c        0x0 linker stubs

.glue_7t        0x00004f8c        0x0
 .glue_7t       0x00004f8c        0x0 linker stubs

.vfp11_veneer   0x00004f8c        0x0
 .vfp11_veneer  0x00004f8c        0x0 linker stubs

.v4_bx          0x00004f8c        0x0
 .v4_bx         0x00004f8c        0x0 linker stubs

.iplt           0x00004f8c        0x0
 .iplt          0x00004f8c        0x0 ./src/CB_RX0.o

.rel.dyn        0x00004f8c        0x0
 .rel.iplt      0x00004f8c        0x0 ./src/CB_RX0.o

.ARM.extab
 *(.ARM.extab* .gnu.linkonce.armextab.*)

.ARM.exidx      0x00004f8c        0x0
                0x00004f8c                __exidx_start = .
 *(.ARM.exidx* .gnu.linkonce.armexidx.*)
                0x00004f8c                __exidx_end = .
                0x00004f8c                _etext = .

.uninit_RESERVED
                0x10000000        0x0
                0x10000000                _start_uninit_RESERVED = .
 *(.bss.$RESERVED*)
                0x10000000                . = ALIGN (0x4)
                0x10000000                _end_uninit_RESERVED = .

.data           0x10000000        0x4 load address 0x00004f8c
 FILL mask 0xff
                0x10000000                _data = .
                [!provide]                PROVIDE (__start_data_RAM = .)
                [!provide]                PROVIDE (__start_data_RamLoc4 = .)
 *(vtable)
 *(.ramfunc*)
 *(CodeQuickAccess)
 *(DataQuickAccess)
 *(RamFunction)
 *(.data*)
 .data.answerReceived
                0x10000000        0x1 ./src/protocol.o
                0x10000000                answerReceived
                0x10000004                . = ALIGN (0x4)
 *fill*         0x10000001        0x3 ff
                0x10000004                _edata = .
                [!provide]                PROVIDE (__end_data_RAM = .)
                [!provide]                PROVIDE (__end_data_RamLoc4 = .)

.igot.plt       0x10000004        0x0 load address 0x00004f90
 .igot.plt      0x10000004        0x0 ./src/CB_RX0.o

.bss            0x10000004      0x428
                0x10000004                _bss = .
                [!provide]                PROVIDE (__start_bss_RAM = .)
                [!provide]                PROVIDE (__start_bss_RamLoc4 = .)
 *(.bss*)
 .bss.cbRx0Head
                0x10000004        0x2 ./src/CB_RX0.o
                0x10000004                cbRx0Head
 .bss.cbRx0Tail
                0x10000006        0x2 ./src/CB_RX0.o
                0x10000006                cbRx0Tail
 .bss.cbRx0Buffer
                0x10000008       0x80 ./src/CB_RX0.o
                0x10000008                cbRx0Buffer
 .bss.cbTx0Head
                0x10000088        0x2 ./src/CB_TX0.o
                0x10000088                cbTx0Head
 .bss.cbTx0Tail
                0x1000008a        0x2 ./src/CB_TX0.o
                0x1000008a                cbTx0Tail
 .bss.cbTx0Buffer
                0x1000008c      0x100 ./src/CB_TX0.o
                0x1000008c                cbTx0Buffer
 .bss.isTransmitting
                0x1000018c        0x1 ./src/CB_TX0.o
                0x1000018c                isTransmitting
 .bss.receivedState
                0x1000018d        0x1 ./src/protocol.o
                0x1000018d                receivedState
 .bss.receivedID
                0x1000018e        0x1 ./src/protocol.o
                0x1000018e                receivedID
 .bss.receivedLength
                0x1000018f        0x1 ./src/protocol.o
                0x1000018f                receivedLength
 .bss.receivedError
                0x10000190        0x1 ./src/protocol.o
                0x10000190                receivedError
 *fill*         0x10000191        0x3 
 .bss.receivedPayload
                0x10000194       0x80 ./src/protocol.o
                0x10000194                receivedPayload
 .bss.receivedPayloadIndex
                0x10000214        0x1 ./src/protocol.o
                0x10000214                receivedPayloadIndex
 .bss.sens_rot.16
                0x10000215        0x1 ./src/robotCommand.o
 *fill*         0x10000216        0x2 
 .bss.dir.15    0x10000218        0x4 ./src/robotCommand.o
 .bss.avance.14
                0x1000021c        0x1 ./src/robotCommand.o
 *fill*         0x1000021d        0x3 
 .bss.t.13      0x10000220        0x4 ./src/robotCommand.o
 .bss.Ampiz.12  0x10000224        0x4 ./src/robotCommand.o
 .bss.Amppz.11  0x10000228        0x4 ./src/robotCommand.o
 .bss.omega.10  0x1000022c        0x4 ./src/robotCommand.o
 .bss.Ampp.9    0x10000230        0x4 ./src/robotCommand.o
 .bss.dirp.8    0x10000234        0x4 ./src/robotCommand.o
 .bss.sens_rotp.7
                0x10000238        0x1 ./src/robotCommand.o
 .bss.drapeaup.6
                0x10000239        0x1 ./src/robotCommand.o
 *fill*         0x1000023a        0x2 
 .bss.Ampi.5    0x1000023c        0x4 ./src/robotCommand.o
 .bss.diri.4    0x10000240        0x4 ./src/robotCommand.o
 .bss.sens_roti.3
                0x10000244        0x1 ./src/robotCommand.o
 .bss.drapeaui.2
                0x10000245        0x1 ./src/robotCommand.o
 *fill*         0x10000246        0x2 
 .bss.errno     0x10000248        0x4 c:/nxp/mcuxpressoide_11.4.1_6260/ide/plugins/com.nxp.mcuxpresso.tools.win32_11.4.0.202103011116/tools/bin/../lib/gcc/arm-none-eabi/10.2.1/../../../../arm-none-eabi/lib/thumb/v6-m/nofp\libcr_c.a(errno.o)
                0x10000248                errno
 .bss.__Ciob    0x1000024c      0x1e0 c:/nxp/mcuxpressoide_11.4.1_6260/ide/plugins/com.nxp.mcuxpresso.tools.win32_11.4.0.202103011116/tools/bin/../lib/gcc/arm-none-eabi/10.2.1/../../../../arm-none-eabi/lib/thumb/v6-m/nofp\libcr_semihost.a(__ciob.o)
                0x1000024c                __Ciob
 *(COMMON)
                0x1000042c                . = ALIGN (0x4)
                0x1000042c                _ebss = .
                [!provide]                PROVIDE (__end_bss_RAM = .)
                [!provide]                PROVIDE (__end_bss_RamLoc4 = .)
                [!provide]                PROVIDE (end = .)

.noinit         0x1000042c        0x0
                0x1000042c                _noinit = .
                [!provide]                PROVIDE (__start_noinit_RAM = .)
                [!provide]                PROVIDE (__start_noinit_RamLoc4 = .)
 *(.noinit*)
                0x1000042c                . = ALIGN (0x4)
                0x1000042c                _end_noinit = .
                [!provide]                PROVIDE (__end_noinit_RAM = .)
                [!provide]                PROVIDE (__end_noinit_RamLoc4 = .)
                0x1000042c                PROVIDE (_pvHeapStart = DEFINED (__user_heap_base)?__user_heap_base:.)
                0x10001000                PROVIDE (_vStackTop = DEFINED (__user_stack_top)?__user_stack_top:(__top_RamLoc4 - 0x0))
                0xefffeb13                PROVIDE (__valid_user_code_checksum = (0x0 - (((_vStackTop + (ResetISR + 0x1)) + (DEFINED (NMI_Handler)?NMI_Handler:M0_NMI_Handler + 0x1)) + (DEFINED (HardFault_Handler)?HardFault_Handler:M0_HardFault_Handler + 0x1))))
                0x00000000                _image_start = LOADADDR (.text)
                0x00004f90                _image_end = (LOADADDR (.data) + SIZEOF (.data))
                0x00004f90                _image_size = (_image_end - _image_start)
OUTPUT(TP_HEXAPODE.axf elf32-littlearm)
LOAD linker stubs

.debug_info     0x00000000     0x506e
 .debug_info    0x00000000      0x184 ./src/CB_RX0.o
 .debug_info    0x00000184      0x1de ./src/CB_TX0.o
 .debug_info    0x00000362      0xa32 ./src/GPIO_hexapode.o
 .debug_info    0x00000d94      0x232 ./src/MCUXpresso_cr_startup.o
 .debug_info    0x00000fc6       0x40 ./src/MCUXpresso_crp.o
 .debug_info    0x00001006      0x897 ./src/MRT_hexapode.o
 .debug_info    0x0000189d      0x878 ./src/UART_hexapode.o
 .debug_info    0x00002115      0xbf8 ./src/lib_ENS_II1_lcd.o
 .debug_info    0x00002d0d      0xcea ./src/main.o
 .debug_info    0x000039f7      0x2cb ./src/protocol.o
 .debug_info    0x00003cc2      0x437 ./src/robotCommand.o
 .debug_info    0x000040f9      0x8a1 ./src/system.o
 .debug_info    0x0000499a       0xf1 ./src/toolbox.o
 .debug_info    0x00004a8b      0x340 C:\Users\Pierre-Alexandre\Desktop\Etudes\441 - Informatique industrielle\Code\peripherals_lib\flash\libperipherals_lib.a(i2c.o)
 .debug_info    0x00004dcb      0x2a3 C:\Users\Pierre-Alexandre\Desktop\Etudes\441 - Informatique industrielle\Code\peripherals_lib\flash\libperipherals_lib.a(swm.o)

.debug_abbrev   0x00000000     0x1430
 .debug_abbrev  0x00000000       0xef ./src/CB_RX0.o
 .debug_abbrev  0x000000ef      0x125 ./src/CB_TX0.o
 .debug_abbrev  0x00000214      0x192 ./src/GPIO_hexapode.o
 .debug_abbrev  0x000003a6      0x122 ./src/MCUXpresso_cr_startup.o
 .debug_abbrev  0x000004c8       0x38 ./src/MCUXpresso_crp.o
 .debug_abbrev  0x00000500      0x1f1 ./src/MRT_hexapode.o
 .debug_abbrev  0x000006f1      0x1e2 ./src/UART_hexapode.o
 .debug_abbrev  0x000008d3      0x217 ./src/lib_ENS_II1_lcd.o
 .debug_abbrev  0x00000aea      0x232 ./src/main.o
 .debug_abbrev  0x00000d1c      0x14d ./src/protocol.o
 .debug_abbrev  0x00000e69       0xdf ./src/robotCommand.o
 .debug_abbrev  0x00000f48      0x1ae ./src/system.o
 .debug_abbrev  0x000010f6       0x98 ./src/toolbox.o
 .debug_abbrev  0x0000118e      0x160 C:\Users\Pierre-Alexandre\Desktop\Etudes\441 - Informatique industrielle\Code\peripherals_lib\flash\libperipherals_lib.a(i2c.o)
 .debug_abbrev  0x000012ee      0x142 C:\Users\Pierre-Alexandre\Desktop\Etudes\441 - Informatique industrielle\Code\peripherals_lib\flash\libperipherals_lib.a(swm.o)

.debug_aranges  0x00000000      0x340
 .debug_aranges
                0x00000000       0x40 ./src/CB_RX0.o
 .debug_aranges
                0x00000040       0x48 ./src/CB_TX0.o
 .debug_aranges
                0x00000088       0x20 ./src/GPIO_hexapode.o
 .debug_aranges
                0x000000a8       0x60 ./src/MCUXpresso_cr_startup.o
 .debug_aranges
                0x00000108       0x18 ./src/MCUXpresso_crp.o
 .debug_aranges
                0x00000120       0x30 ./src/MRT_hexapode.o
 .debug_aranges
                0x00000150       0x40 ./src/UART_hexapode.o
 .debug_aranges
                0x00000190       0x48 ./src/lib_ENS_II1_lcd.o
 .debug_aranges
                0x000001d8       0x30 ./src/main.o
 .debug_aranges
                0x00000208       0x50 ./src/protocol.o
 .debug_aranges
                0x00000258       0x30 ./src/robotCommand.o
 .debug_aranges
                0x00000288       0x28 ./src/system.o
 .debug_aranges
                0x000002b0       0x28 ./src/toolbox.o
 .debug_aranges
                0x000002d8       0x38 C:\Users\Pierre-Alexandre\Desktop\Etudes\441 - Informatique industrielle\Code\peripherals_lib\flash\libperipherals_lib.a(i2c.o)
 .debug_aranges
                0x00000310       0x30 C:\Users\Pierre-Alexandre\Desktop\Etudes\441 - Informatique industrielle\Code\peripherals_lib\flash\libperipherals_lib.a(swm.o)

.debug_ranges   0x00000000      0x248
 .debug_ranges  0x00000000       0x30 ./src/CB_RX0.o
 .debug_ranges  0x00000030       0x38 ./src/CB_TX0.o
 .debug_ranges  0x00000068       0x10 ./src/GPIO_hexapode.o
 .debug_ranges  0x00000078       0x50 ./src/MCUXpresso_cr_startup.o
 .debug_ranges  0x000000c8       0x20 ./src/MRT_hexapode.o
 .debug_ranges  0x000000e8       0x30 ./src/UART_hexapode.o
 .debug_ranges  0x00000118       0x38 ./src/lib_ENS_II1_lcd.o
 .debug_ranges  0x00000150       0x20 ./src/main.o
 .debug_ranges  0x00000170       0x40 ./src/protocol.o
 .debug_ranges  0x000001b0       0x20 ./src/robotCommand.o
 .debug_ranges  0x000001d0       0x18 ./src/system.o
 .debug_ranges  0x000001e8       0x18 ./src/toolbox.o
 .debug_ranges  0x00000200       0x28 C:\Users\Pierre-Alexandre\Desktop\Etudes\441 - Informatique industrielle\Code\peripherals_lib\flash\libperipherals_lib.a(i2c.o)
 .debug_ranges  0x00000228       0x20 C:\Users\Pierre-Alexandre\Desktop\Etudes\441 - Informatique industrielle\Code\peripherals_lib\flash\libperipherals_lib.a(swm.o)

.debug_macro    0x00000000     0x3cba
 .debug_macro   0x00000000       0x4c ./src/CB_RX0.o
 .debug_macro   0x0000004c      0xa6c ./src/CB_RX0.o
 .debug_macro   0x00000ab8       0x10 ./src/CB_RX0.o
 .debug_macro   0x00000ac8      0x12e ./src/CB_RX0.o
 .debug_macro   0x00000bf6      0x5b3 ./src/CB_RX0.o
 .debug_macro   0x000011a9       0x5e ./src/CB_TX0.o
 .debug_macro   0x00001207       0x28 ./src/CB_TX0.o
 .debug_macro   0x0000122f       0x3a ./src/CB_TX0.o
 .debug_macro   0x00001269       0x88 ./src/GPIO_hexapode.o
 .debug_macro   0x000012f1       0x46 ./src/GPIO_hexapode.o
 .debug_macro   0x00001337       0x28 ./src/GPIO_hexapode.o
 .debug_macro   0x0000135f       0x3a ./src/GPIO_hexapode.o
 .debug_macro   0x00001399      0x241 ./src/GPIO_hexapode.o
 .debug_macro   0x000015da      0x1a8 ./src/GPIO_hexapode.o
 .debug_macro   0x00001782      0x1dd ./src/GPIO_hexapode.o
 .debug_macro   0x0000195f       0x1d ./src/MCUXpresso_cr_startup.o
 .debug_macro   0x0000197c       0x1a ./src/MCUXpresso_crp.o
 .debug_macro   0x00001996       0x34 ./src/MCUXpresso_crp.o
 .debug_macro   0x000019ca       0xd3 ./src/MRT_hexapode.o
 .debug_macro   0x00001a9d       0xd8 ./src/MRT_hexapode.o
 .debug_macro   0x00001b75       0x64 ./src/MRT_hexapode.o
 .debug_macro   0x00001bd9       0x16 ./src/MRT_hexapode.o
 .debug_macro   0x00001bef       0xc4 ./src/MRT_hexapode.o
 .debug_macro   0x00001cb3      0x160 ./src/MRT_hexapode.o
 .debug_macro   0x00001e13       0xc6 ./src/UART_hexapode.o
 .debug_macro   0x00001ed9       0x22 ./src/UART_hexapode.o
 .debug_macro   0x00001efb      0x3a2 ./src/UART_hexapode.o
 .debug_macro   0x0000229d       0x40 ./src/UART_hexapode.o
 .debug_macro   0x000022dd       0xeb ./src/UART_hexapode.o
 .debug_macro   0x000023c8       0xe2 ./src/UART_hexapode.o
 .debug_macro   0x000024aa       0xc5 ./src/lib_ENS_II1_lcd.o
 .debug_macro   0x0000256f       0x4c ./src/lib_ENS_II1_lcd.o
 .debug_macro   0x000025bb       0x22 ./src/lib_ENS_II1_lcd.o
 .debug_macro   0x000025dd      0x39c ./src/lib_ENS_II1_lcd.o
 .debug_macro   0x00002979       0xe8 ./src/lib_ENS_II1_lcd.o
 .debug_macro   0x00002a61       0x1c ./src/lib_ENS_II1_lcd.o
 .debug_macro   0x00002a7d      0x122 ./src/main.o
 .debug_macro   0x00002b9f      0x196 ./src/main.o
 .debug_macro   0x00002d35       0x55 ./src/protocol.o
 .debug_macro   0x00002d8a       0x34 ./src/protocol.o
 .debug_macro   0x00002dbe       0x66 ./src/robotCommand.o
 .debug_macro   0x00002e24      0x15a ./src/robotCommand.o
 .debug_macro   0x00002f7e       0xfd ./src/system.o
 .debug_macro   0x0000307b       0x5e ./src/system.o
 .debug_macro   0x000030d9       0x4b ./src/toolbox.o
 .debug_macro   0x00003124       0x10 ./src/toolbox.o
 .debug_macro   0x00003134       0x9b C:\Users\Pierre-Alexandre\Desktop\Etudes\441 - Informatique industrielle\Code\peripherals_lib\flash\libperipherals_lib.a(i2c.o)
 .debug_macro   0x000031cf      0xa66 C:\Users\Pierre-Alexandre\Desktop\Etudes\441 - Informatique industrielle\Code\peripherals_lib\flash\libperipherals_lib.a(i2c.o)
 .debug_macro   0x00003c35       0x85 C:\Users\Pierre-Alexandre\Desktop\Etudes\441 - Informatique industrielle\Code\peripherals_lib\flash\libperipherals_lib.a(swm.o)

.debug_line     0x00000000     0x3770
 .debug_line    0x00000000      0x27d ./src/CB_RX0.o
 .debug_line    0x0000027d      0x2e4 ./src/CB_TX0.o
 .debug_line    0x00000561      0x306 ./src/GPIO_hexapode.o
 .debug_line    0x00000867      0x13a ./src/MCUXpresso_cr_startup.o
 .debug_line    0x000009a1       0xbc ./src/MCUXpresso_crp.o
 .debug_line    0x00000a5d      0x3af ./src/MRT_hexapode.o
 .debug_line    0x00000e0c      0x45c ./src/UART_hexapode.o
 .debug_line    0x00001268      0x5d4 ./src/lib_ENS_II1_lcd.o
 .debug_line    0x0000183c      0x4e9 ./src/main.o
 .debug_line    0x00001d25      0x396 ./src/protocol.o
 .debug_line    0x000020bb      0x855 ./src/robotCommand.o
 .debug_line    0x00002910      0x486 ./src/system.o
 .debug_line    0x00002d96      0x203 ./src/toolbox.o
 .debug_line    0x00002f99      0x4c4 C:\Users\Pierre-Alexandre\Desktop\Etudes\441 - Informatique industrielle\Code\peripherals_lib\flash\libperipherals_lib.a(i2c.o)
 .debug_line    0x0000345d      0x313 C:\Users\Pierre-Alexandre\Desktop\Etudes\441 - Informatique industrielle\Code\peripherals_lib\flash\libperipherals_lib.a(swm.o)

.debug_str      0x00000000     0x9a7c
 .debug_str     0x00000000     0x4390 ./src/CB_RX0.o
                               0x4409 (size before relaxing)
 .debug_str     0x00004390      0x1fe ./src/CB_TX0.o
                               0x455c (size before relaxing)
 .debug_str     0x0000458e     0x2197 ./src/GPIO_hexapode.o
                               0x6502 (size before relaxing)
 .debug_str     0x00006725      0x17b ./src/MCUXpresso_cr_startup.o
                               0x2e07 (size before relaxing)
 .debug_str     0x000068a0       0xf4 ./src/MCUXpresso_crp.o
                               0x2d7a (size before relaxing)
 .debug_str     0x00006994      0xf36 ./src/MRT_hexapode.o
                               0x7310 (size before relaxing)
 .debug_str     0x000078ca      0xdfe ./src/UART_hexapode.o
                               0x7353 (size before relaxing)
 .debug_str     0x000086c8      0x831 ./src/lib_ENS_II1_lcd.o
                               0x74b4 (size before relaxing)
 .debug_str     0x00008ef9      0x48a ./src/main.o
                               0x7d3f (size before relaxing)
 .debug_str     0x00009383      0x118 ./src/protocol.o
                               0x451d (size before relaxing)
 .debug_str     0x0000949b      0x154 ./src/robotCommand.o
                               0x4e9c (size before relaxing)
 .debug_str     0x000095ef      0x31d ./src/system.o
                               0x72f4 (size before relaxing)
 .debug_str     0x0000990c       0x27 ./src/toolbox.o
                               0x43bc (size before relaxing)
 .debug_str     0x00009933       0xeb C:\Users\Pierre-Alexandre\Desktop\Etudes\441 - Informatique industrielle\Code\peripherals_lib\flash\libperipherals_lib.a(i2c.o)
                               0x668d (size before relaxing)
 .debug_str     0x00009a1e       0x5e C:\Users\Pierre-Alexandre\Desktop\Etudes\441 - Informatique industrielle\Code\peripherals_lib\flash\libperipherals_lib.a(swm.o)
                               0x6247 (size before relaxing)

.comment        0x00000000       0x4d
 .comment       0x00000000       0x4d ./src/CB_RX0.o
                                 0x4e (size before relaxing)
 .comment       0x0000004d       0x4e ./src/CB_TX0.o
 .comment       0x0000004d       0x4e ./src/GPIO_hexapode.o
 .comment       0x0000004d       0x4e ./src/MCUXpresso_cr_startup.o
 .comment       0x0000004d       0x4e ./src/MCUXpresso_crp.o
 .comment       0x0000004d       0x4e ./src/MRT_hexapode.o
 .comment       0x0000004d       0x4e ./src/UART_hexapode.o
 .comment       0x0000004d       0x4e ./src/lib_ENS_II1_lcd.o
 .comment       0x0000004d       0x4e ./src/main.o
 .comment       0x0000004d       0x4e ./src/protocol.o
 .comment       0x0000004d       0x4e ./src/robotCommand.o
 .comment       0x0000004d       0x4e ./src/system.o
 .comment       0x0000004d       0x4e ./src/toolbox.o
 .comment       0x0000004d       0x4e C:\Users\Pierre-Alexandre\Desktop\Etudes\441 - Informatique industrielle\Code\peripherals_lib\flash\libperipherals_lib.a(i2c.o)
 .comment       0x0000004d       0x4e C:\Users\Pierre-Alexandre\Desktop\Etudes\441 - Informatique industrielle\Code\peripherals_lib\flash\libperipherals_lib.a(swm.o)
 .comment       0x0000004d       0x4e c:/nxp/mcuxpressoide_11.4.1_6260/ide/plugins/com.nxp.mcuxpresso.tools.win32_11.4.0.202103011116/tools/bin/../lib/gcc/arm-none-eabi/10.2.1/../../../../arm-none-eabi/lib/thumb/v6-m/nofp\libcr_semihost.a(_cr__main.o)
 .comment       0x0000004d       0x4e c:/nxp/mcuxpressoide_11.4.1_6260/ide/plugins/com.nxp.mcuxpresso.tools.win32_11.4.0.202103011116/tools/bin/../lib/gcc/arm-none-eabi/10.2.1/../../../../arm-none-eabi/lib/thumb/v6-m/nofp\libcr_c.a(floorf.o)
 .comment       0x0000004d       0x4e c:/nxp/mcuxpressoide_11.4.1_6260/ide/plugins/com.nxp.mcuxpresso.tools.win32_11.4.0.202103011116/tools/bin/../lib/gcc/arm-none-eabi/10.2.1/../../../../arm-none-eabi/lib/thumb/v6-m/nofp\libcr_c.a(acos.o)
 .comment       0x0000004d       0x4e c:/nxp/mcuxpressoide_11.4.1_6260/ide/plugins/com.nxp.mcuxpresso.tools.win32_11.4.0.202103011116/tools/bin/../lib/gcc/arm-none-eabi/10.2.1/../../../../arm-none-eabi/lib/thumb/v6-m/nofp\libcr_c.a(atan2.o)
 .comment       0x0000004d       0x4e c:/nxp/mcuxpressoide_11.4.1_6260/ide/plugins/com.nxp.mcuxpresso.tools.win32_11.4.0.202103011116/tools/bin/../lib/gcc/arm-none-eabi/10.2.1/../../../../arm-none-eabi/lib/thumb/v6-m/nofp\libcr_c.a(cos.o)
 .comment       0x0000004d       0x4e c:/nxp/mcuxpressoide_11.4.1_6260/ide/plugins/com.nxp.mcuxpresso.tools.win32_11.4.0.202103011116/tools/bin/../lib/gcc/arm-none-eabi/10.2.1/../../../../arm-none-eabi/lib/thumb/v6-m/nofp\libcr_c.a(errno.o)
 .comment       0x0000004d       0x4e c:/nxp/mcuxpressoide_11.4.1_6260/ide/plugins/com.nxp.mcuxpresso.tools.win32_11.4.0.202103011116/tools/bin/../lib/gcc/arm-none-eabi/10.2.1/../../../../arm-none-eabi/lib/thumb/v6-m/nofp\libcr_c.a(fabs.o)
 .comment       0x0000004d       0x4e c:/nxp/mcuxpressoide_11.4.1_6260/ide/plugins/com.nxp.mcuxpresso.tools.win32_11.4.0.202103011116/tools/bin/../lib/gcc/arm-none-eabi/10.2.1/../../../../arm-none-eabi/lib/thumb/v6-m/nofp\libcr_c.a(initio.o)
 .comment       0x0000004d       0x4e c:/nxp/mcuxpressoide_11.4.1_6260/ide/plugins/com.nxp.mcuxpresso.tools.win32_11.4.0.202103011116/tools/bin/../lib/gcc/arm-none-eabi/10.2.1/../../../../arm-none-eabi/lib/thumb/v6-m/nofp\libcr_c.a(pow.o)
 .comment       0x0000004d       0x4e c:/nxp/mcuxpressoide_11.4.1_6260/ide/plugins/com.nxp.mcuxpresso.tools.win32_11.4.0.202103011116/tools/bin/../lib/gcc/arm-none-eabi/10.2.1/../../../../arm-none-eabi/lib/thumb/v6-m/nofp\libcr_c.a(setvbuf.o)
 .comment       0x0000004d       0x4e c:/nxp/mcuxpressoide_11.4.1_6260/ide/plugins/com.nxp.mcuxpresso.tools.win32_11.4.0.202103011116/tools/bin/../lib/gcc/arm-none-eabi/10.2.1/../../../../arm-none-eabi/lib/thumb/v6-m/nofp\libcr_c.a(sin.o)
 .comment       0x0000004d       0x4e c:/nxp/mcuxpressoide_11.4.1_6260/ide/plugins/com.nxp.mcuxpresso.tools.win32_11.4.0.202103011116/tools/bin/../lib/gcc/arm-none-eabi/10.2.1/../../../../arm-none-eabi/lib/thumb/v6-m/nofp\libcr_c.a(sqrt.o)
 .comment       0x0000004d       0x4e c:/nxp/mcuxpressoide_11.4.1_6260/ide/plugins/com.nxp.mcuxpresso.tools.win32_11.4.0.202103011116/tools/bin/../lib/gcc/arm-none-eabi/10.2.1/../../../../arm-none-eabi/lib/thumb/v6-m/nofp\libcr_c.a(_asinacos.o)
 .comment       0x0000004d       0x4e c:/nxp/mcuxpressoide_11.4.1_6260/ide/plugins/com.nxp.mcuxpresso.tools.win32_11.4.0.202103011116/tools/bin/../lib/gcc/arm-none-eabi/10.2.1/../../../../arm-none-eabi/lib/thumb/v6-m/nofp\libcr_c.a(_fdopen.o)
 .comment       0x0000004d       0x4e c:/nxp/mcuxpressoide_11.4.1_6260/ide/plugins/com.nxp.mcuxpresso.tools.win32_11.4.0.202103011116/tools/bin/../lib/gcc/arm-none-eabi/10.2.1/../../../../arm-none-eabi/lib/thumb/v6-m/nofp\libcr_c.a(_sincos.o)
 .comment       0x0000004d       0x4e c:/nxp/mcuxpressoide_11.4.1_6260/ide/plugins/com.nxp.mcuxpresso.tools.win32_11.4.0.202103011116/tools/bin/../lib/gcc/arm-none-eabi/10.2.1/../../../../arm-none-eabi/lib/thumb/v6-m/nofp\libcr_c.a(atan.o)
 .comment       0x0000004d       0x4e c:/nxp/mcuxpressoide_11.4.1_6260/ide/plugins/com.nxp.mcuxpresso.tools.win32_11.4.0.202103011116/tools/bin/../lib/gcc/arm-none-eabi/10.2.1/../../../../arm-none-eabi/lib/thumb/v6-m/nofp\libcr_c.a(fclose.o)
 .comment       0x0000004d       0x4e c:/nxp/mcuxpressoide_11.4.1_6260/ide/plugins/com.nxp.mcuxpresso.tools.win32_11.4.0.202103011116/tools/bin/../lib/gcc/arm-none-eabi/10.2.1/../../../../arm-none-eabi/lib/thumb/v6-m/nofp\libcr_c.a(fflush.o)
 .comment       0x0000004d       0x4e c:/nxp/mcuxpressoide_11.4.1_6260/ide/plugins/com.nxp.mcuxpresso.tools.win32_11.4.0.202103011116/tools/bin/../lib/gcc/arm-none-eabi/10.2.1/../../../../arm-none-eabi/lib/thumb/v6-m/nofp\libcr_c.a(frexp.o)
 .comment       0x0000004d       0x4e c:/nxp/mcuxpressoide_11.4.1_6260/ide/plugins/com.nxp.mcuxpresso.tools.win32_11.4.0.202103011116/tools/bin/../lib/gcc/arm-none-eabi/10.2.1/../../../../arm-none-eabi/lib/thumb/v6-m/nofp\libcr_c.a(fseek.o)
 .comment       0x0000004d       0x4e c:/nxp/mcuxpressoide_11.4.1_6260/ide/plugins/com.nxp.mcuxpresso.tools.win32_11.4.0.202103011116/tools/bin/../lib/gcc/arm-none-eabi/10.2.1/../../../../arm-none-eabi/lib/thumb/v6-m/nofp\libcr_c.a(ftell.o)
 .comment       0x0000004d       0x4e c:/nxp/mcuxpressoide_11.4.1_6260/ide/plugins/com.nxp.mcuxpresso.tools.win32_11.4.0.202103011116/tools/bin/../lib/gcc/arm-none-eabi/10.2.1/../../../../arm-none-eabi/lib/thumb/v6-m/nofp\libcr_c.a(ldexp.o)
 .comment       0x0000004d       0x4e c:/nxp/mcuxpressoide_11.4.1_6260/ide/plugins/com.nxp.mcuxpresso.tools.win32_11.4.0.202103011116/tools/bin/../lib/gcc/arm-none-eabi/10.2.1/../../../../arm-none-eabi/lib/thumb/v6-m/nofp\libcr_c.a(remove.o)
 .comment       0x0000004d       0x4e c:/nxp/mcuxpressoide_11.4.1_6260/ide/plugins/com.nxp.mcuxpresso.tools.win32_11.4.0.202103011116/tools/bin/../lib/gcc/arm-none-eabi/10.2.1/../../../../arm-none-eabi/lib/thumb/v6-m/nofp\libcr_c.a(strlen.o)
 .comment       0x0000004d       0x4e c:/nxp/mcuxpressoide_11.4.1_6260/ide/plugins/com.nxp.mcuxpresso.tools.win32_11.4.0.202103011116/tools/bin/../lib/gcc/arm-none-eabi/10.2.1/../../../../arm-none-eabi/lib/thumb/v6-m/nofp\libcr_c.a(memset.o)
 .comment       0x0000004d       0x4e c:/nxp/mcuxpressoide_11.4.1_6260/ide/plugins/com.nxp.mcuxpresso.tools.win32_11.4.0.202103011116/tools/bin/../lib/gcc/arm-none-eabi/10.2.1/../../../../arm-none-eabi/lib/thumb/v6-m/nofp\libcr_c.a(_do_fflush.o)
 .comment       0x0000004d       0x4e c:/nxp/mcuxpressoide_11.4.1_6260/ide/plugins/com.nxp.mcuxpresso.tools.win32_11.4.0.202103011116/tools/bin/../lib/gcc/arm-none-eabi/10.2.1/../../../../arm-none-eabi/lib/thumb/v6-m/nofp\libcr_c.a(_fflush.o)
 .comment       0x0000004d       0x4e c:/nxp/mcuxpressoide_11.4.1_6260/ide/plugins/com.nxp.mcuxpresso.tools.win32_11.4.0.202103011116/tools/bin/../lib/gcc/arm-none-eabi/10.2.1/../../../../arm-none-eabi/lib/thumb/v6-m/nofp\libcr_c.a(_writebuf.o)
 .comment       0x0000004d       0x4e c:/nxp/mcuxpressoide_11.4.1_6260/ide/plugins/com.nxp.mcuxpresso.tools.win32_11.4.0.202103011116/tools/bin/../lib/gcc/arm-none-eabi/10.2.1/../../../../arm-none-eabi/lib/thumb/v6-m/nofp\libcr_c.a(alloc.o)
 .comment       0x0000004d       0x4e c:/nxp/mcuxpressoide_11.4.1_6260/ide/plugins/com.nxp.mcuxpresso.tools.win32_11.4.0.202103011116/tools/bin/../lib/gcc/arm-none-eabi/10.2.1/../../../../arm-none-eabi/lib/thumb/v6-m/nofp\libcr_c.a(_deferredlazyseek.o)
 .comment       0x0000004d       0x4e c:/nxp/mcuxpressoide_11.4.1_6260/ide/plugins/com.nxp.mcuxpresso.tools.win32_11.4.0.202103011116/tools/bin/../lib/gcc/arm-none-eabi/10.2.1/thumb/v6-m/nofp\libcr_eabihelpers.a(double.o)
 .comment       0x0000004d       0x4e c:/nxp/mcuxpressoide_11.4.1_6260/ide/plugins/com.nxp.mcuxpresso.tools.win32_11.4.0.202103011116/tools/bin/../lib/gcc/arm-none-eabi/10.2.1/thumb/v6-m/nofp\libcr_eabihelpers.a(float.o)
 .comment       0x0000004d       0x4e c:/nxp/mcuxpressoide_11.4.1_6260/ide/plugins/com.nxp.mcuxpresso.tools.win32_11.4.0.202103011116/tools/bin/../lib/gcc/arm-none-eabi/10.2.1/../../../../arm-none-eabi/lib/thumb/v6-m/nofp\libcr_semihost.a(__ciob.o)

.ARM.attributes
                0x00000000       0x2a
 .ARM.attributes
                0x00000000       0x2c ./src/CB_RX0.o
 .ARM.attributes
                0x0000002c       0x2c ./src/CB_TX0.o
 .ARM.attributes
                0x00000058       0x2c ./src/GPIO_hexapode.o
 .ARM.attributes
                0x00000084       0x2c ./src/MCUXpresso_cr_startup.o
 .ARM.attributes
                0x000000b0       0x31 ./src/MCUXpresso_crp.o
 .ARM.attributes
                0x000000e1       0x2c ./src/MRT_hexapode.o
 .ARM.attributes
                0x0000010d       0x2c ./src/UART_hexapode.o
 .ARM.attributes
                0x00000139       0x2c ./src/lib_ENS_II1_lcd.o
 .ARM.attributes
                0x00000165       0x2c ./src/main.o
 .ARM.attributes
                0x00000191       0x2c ./src/protocol.o
 .ARM.attributes
                0x000001bd       0x2c ./src/robotCommand.o
 .ARM.attributes
                0x000001e9       0x2c ./src/system.o
 .ARM.attributes
                0x00000215       0x2c ./src/toolbox.o
 .ARM.attributes
                0x00000241       0x2c C:\Users\Pierre-Alexandre\Desktop\Etudes\441 - Informatique industrielle\Code\peripherals_lib\flash\libperipherals_lib.a(i2c.o)
 .ARM.attributes
                0x0000026d       0x2c C:\Users\Pierre-Alexandre\Desktop\Etudes\441 - Informatique industrielle\Code\peripherals_lib\flash\libperipherals_lib.a(swm.o)
 .ARM.attributes
                0x00000299       0x2c c:/nxp/mcuxpressoide_11.4.1_6260/ide/plugins/com.nxp.mcuxpresso.tools.win32_11.4.0.202103011116/tools/bin/../lib/gcc/arm-none-eabi/10.2.1/../../../../arm-none-eabi/lib/thumb/v6-m/nofp\libcr_semihost.a(_cr__main.o)
 .ARM.attributes
                0x000002c5       0x2c c:/nxp/mcuxpressoide_11.4.1_6260/ide/plugins/com.nxp.mcuxpresso.tools.win32_11.4.0.202103011116/tools/bin/../lib/gcc/arm-none-eabi/10.2.1/../../../../arm-none-eabi/lib/thumb/v6-m/nofp\libcr_c.a(floorf.o)
 .ARM.attributes
                0x000002f1       0x2c c:/nxp/mcuxpressoide_11.4.1_6260/ide/plugins/com.nxp.mcuxpresso.tools.win32_11.4.0.202103011116/tools/bin/../lib/gcc/arm-none-eabi/10.2.1/../../../../arm-none-eabi/lib/thumb/v6-m/nofp\libcr_c.a(acos.o)
 .ARM.attributes
                0x0000031d       0x2c c:/nxp/mcuxpressoide_11.4.1_6260/ide/plugins/com.nxp.mcuxpresso.tools.win32_11.4.0.202103011116/tools/bin/../lib/gcc/arm-none-eabi/10.2.1/../../../../arm-none-eabi/lib/thumb/v6-m/nofp\libcr_c.a(atan2.o)
 .ARM.attributes
                0x00000349       0x2c c:/nxp/mcuxpressoide_11.4.1_6260/ide/plugins/com.nxp.mcuxpresso.tools.win32_11.4.0.202103011116/tools/bin/../lib/gcc/arm-none-eabi/10.2.1/../../../../arm-none-eabi/lib/thumb/v6-m/nofp\libcr_c.a(cos.o)
 .ARM.attributes
                0x00000375       0x31 c:/nxp/mcuxpressoide_11.4.1_6260/ide/plugins/com.nxp.mcuxpresso.tools.win32_11.4.0.202103011116/tools/bin/../lib/gcc/arm-none-eabi/10.2.1/../../../../arm-none-eabi/lib/thumb/v6-m/nofp\libcr_c.a(errno.o)
 .ARM.attributes
                0x000003a6       0x2c c:/nxp/mcuxpressoide_11.4.1_6260/ide/plugins/com.nxp.mcuxpresso.tools.win32_11.4.0.202103011116/tools/bin/../lib/gcc/arm-none-eabi/10.2.1/../../../../arm-none-eabi/lib/thumb/v6-m/nofp\libcr_c.a(fabs.o)
 .ARM.attributes
                0x000003d2       0x2c c:/nxp/mcuxpressoide_11.4.1_6260/ide/plugins/com.nxp.mcuxpresso.tools.win32_11.4.0.202103011116/tools/bin/../lib/gcc/arm-none-eabi/10.2.1/../../../../arm-none-eabi/lib/thumb/v6-m/nofp\libcr_c.a(initio.o)
 .ARM.attributes
                0x000003fe       0x2c c:/nxp/mcuxpressoide_11.4.1_6260/ide/plugins/com.nxp.mcuxpresso.tools.win32_11.4.0.202103011116/tools/bin/../lib/gcc/arm-none-eabi/10.2.1/../../../../arm-none-eabi/lib/thumb/v6-m/nofp\libcr_c.a(pow.o)
 .ARM.attributes
                0x0000042a       0x2c c:/nxp/mcuxpressoide_11.4.1_6260/ide/plugins/com.nxp.mcuxpresso.tools.win32_11.4.0.202103011116/tools/bin/../lib/gcc/arm-none-eabi/10.2.1/../../../../arm-none-eabi/lib/thumb/v6-m/nofp\libcr_c.a(setvbuf.o)
 .ARM.attributes
                0x00000456       0x2c c:/nxp/mcuxpressoide_11.4.1_6260/ide/plugins/com.nxp.mcuxpresso.tools.win32_11.4.0.202103011116/tools/bin/../lib/gcc/arm-none-eabi/10.2.1/../../../../arm-none-eabi/lib/thumb/v6-m/nofp\libcr_c.a(sin.o)
 .ARM.attributes
                0x00000482       0x2c c:/nxp/mcuxpressoide_11.4.1_6260/ide/plugins/com.nxp.mcuxpresso.tools.win32_11.4.0.202103011116/tools/bin/../lib/gcc/arm-none-eabi/10.2.1/../../../../arm-none-eabi/lib/thumb/v6-m/nofp\libcr_c.a(sqrt.o)
 .ARM.attributes
                0x000004ae       0x2c c:/nxp/mcuxpressoide_11.4.1_6260/ide/plugins/com.nxp.mcuxpresso.tools.win32_11.4.0.202103011116/tools/bin/../lib/gcc/arm-none-eabi/10.2.1/../../../../arm-none-eabi/lib/thumb/v6-m/nofp\libcr_c.a(_asinacos.o)
 .ARM.attributes
                0x000004da       0x2c c:/nxp/mcuxpressoide_11.4.1_6260/ide/plugins/com.nxp.mcuxpresso.tools.win32_11.4.0.202103011116/tools/bin/../lib/gcc/arm-none-eabi/10.2.1/../../../../arm-none-eabi/lib/thumb/v6-m/nofp\libcr_c.a(_fdopen.o)
 .ARM.attributes
                0x00000506       0x2c c:/nxp/mcuxpressoide_11.4.1_6260/ide/plugins/com.nxp.mcuxpresso.tools.win32_11.4.0.202103011116/tools/bin/../lib/gcc/arm-none-eabi/10.2.1/../../../../arm-none-eabi/lib/thumb/v6-m/nofp\libcr_c.a(_sincos.o)
 .ARM.attributes
                0x00000532       0x2c c:/nxp/mcuxpressoide_11.4.1_6260/ide/plugins/com.nxp.mcuxpresso.tools.win32_11.4.0.202103011116/tools/bin/../lib/gcc/arm-none-eabi/10.2.1/../../../../arm-none-eabi/lib/thumb/v6-m/nofp\libcr_c.a(atan.o)
 .ARM.attributes
                0x0000055e       0x2c c:/nxp/mcuxpressoide_11.4.1_6260/ide/plugins/com.nxp.mcuxpresso.tools.win32_11.4.0.202103011116/tools/bin/../lib/gcc/arm-none-eabi/10.2.1/../../../../arm-none-eabi/lib/thumb/v6-m/nofp\libcr_c.a(fclose.o)
 .ARM.attributes
                0x0000058a       0x2c c:/nxp/mcuxpressoide_11.4.1_6260/ide/plugins/com.nxp.mcuxpresso.tools.win32_11.4.0.202103011116/tools/bin/../lib/gcc/arm-none-eabi/10.2.1/../../../../arm-none-eabi/lib/thumb/v6-m/nofp\libcr_c.a(fflush.o)
 .ARM.attributes
                0x000005b6       0x2c c:/nxp/mcuxpressoide_11.4.1_6260/ide/plugins/com.nxp.mcuxpresso.tools.win32_11.4.0.202103011116/tools/bin/../lib/gcc/arm-none-eabi/10.2.1/../../../../arm-none-eabi/lib/thumb/v6-m/nofp\libcr_c.a(frexp.o)
 .ARM.attributes
                0x000005e2       0x2c c:/nxp/mcuxpressoide_11.4.1_6260/ide/plugins/com.nxp.mcuxpresso.tools.win32_11.4.0.202103011116/tools/bin/../lib/gcc/arm-none-eabi/10.2.1/../../../../arm-none-eabi/lib/thumb/v6-m/nofp\libcr_c.a(fseek.o)
 .ARM.attributes
                0x0000060e       0x2c c:/nxp/mcuxpressoide_11.4.1_6260/ide/plugins/com.nxp.mcuxpresso.tools.win32_11.4.0.202103011116/tools/bin/../lib/gcc/arm-none-eabi/10.2.1/../../../../arm-none-eabi/lib/thumb/v6-m/nofp\libcr_c.a(ftell.o)
 .ARM.attributes
                0x0000063a       0x2c c:/nxp/mcuxpressoide_11.4.1_6260/ide/plugins/com.nxp.mcuxpresso.tools.win32_11.4.0.202103011116/tools/bin/../lib/gcc/arm-none-eabi/10.2.1/../../../../arm-none-eabi/lib/thumb/v6-m/nofp\libcr_c.a(ldexp.o)
 .ARM.attributes
                0x00000666       0x2c c:/nxp/mcuxpressoide_11.4.1_6260/ide/plugins/com.nxp.mcuxpresso.tools.win32_11.4.0.202103011116/tools/bin/../lib/gcc/arm-none-eabi/10.2.1/../../../../arm-none-eabi/lib/thumb/v6-m/nofp\libcr_c.a(remove.o)
 .ARM.attributes
                0x00000692       0x2c c:/nxp/mcuxpressoide_11.4.1_6260/ide/plugins/com.nxp.mcuxpresso.tools.win32_11.4.0.202103011116/tools/bin/../lib/gcc/arm-none-eabi/10.2.1/../../../../arm-none-eabi/lib/thumb/v6-m/nofp\libcr_c.a(strlen.o)
 .ARM.attributes
                0x000006be       0x2c c:/nxp/mcuxpressoide_11.4.1_6260/ide/plugins/com.nxp.mcuxpresso.tools.win32_11.4.0.202103011116/tools/bin/../lib/gcc/arm-none-eabi/10.2.1/../../../../arm-none-eabi/lib/thumb/v6-m/nofp\libcr_c.a(memset.o)
 .ARM.attributes
                0x000006ea       0x2c c:/nxp/mcuxpressoide_11.4.1_6260/ide/plugins/com.nxp.mcuxpresso.tools.win32_11.4.0.202103011116/tools/bin/../lib/gcc/arm-none-eabi/10.2.1/../../../../arm-none-eabi/lib/thumb/v6-m/nofp\libcr_c.a(_do_fflush.o)
 .ARM.attributes
                0x00000716       0x2c c:/nxp/mcuxpressoide_11.4.1_6260/ide/plugins/com.nxp.mcuxpresso.tools.win32_11.4.0.202103011116/tools/bin/../lib/gcc/arm-none-eabi/10.2.1/../../../../arm-none-eabi/lib/thumb/v6-m/nofp\libcr_c.a(_fflush.o)
 .ARM.attributes
                0x00000742       0x2c c:/nxp/mcuxpressoide_11.4.1_6260/ide/plugins/com.nxp.mcuxpresso.tools.win32_11.4.0.202103011116/tools/bin/../lib/gcc/arm-none-eabi/10.2.1/../../../../arm-none-eabi/lib/thumb/v6-m/nofp\libcr_c.a(_writebuf.o)
 .ARM.attributes
                0x0000076e       0x2c c:/nxp/mcuxpressoide_11.4.1_6260/ide/plugins/com.nxp.mcuxpresso.tools.win32_11.4.0.202103011116/tools/bin/../lib/gcc/arm-none-eabi/10.2.1/../../../../arm-none-eabi/lib/thumb/v6-m/nofp\libcr_c.a(alloc.o)
 .ARM.attributes
                0x0000079a       0x2c c:/nxp/mcuxpressoide_11.4.1_6260/ide/plugins/com.nxp.mcuxpresso.tools.win32_11.4.0.202103011116/tools/bin/../lib/gcc/arm-none-eabi/10.2.1/../../../../arm-none-eabi/lib/thumb/v6-m/nofp\libcr_c.a(_deferredlazyseek.o)
 .ARM.attributes
                0x000007c6       0x2c c:/nxp/mcuxpressoide_11.4.1_6260/ide/plugins/com.nxp.mcuxpresso.tools.win32_11.4.0.202103011116/tools/bin/../lib/gcc/arm-none-eabi/10.2.1/thumb/v6-m/nofp\libcr_eabihelpers.a(double.o)
 .ARM.attributes
                0x000007f2       0x2c c:/nxp/mcuxpressoide_11.4.1_6260/ide/plugins/com.nxp.mcuxpresso.tools.win32_11.4.0.202103011116/tools/bin/../lib/gcc/arm-none-eabi/10.2.1/thumb/v6-m/nofp\libcr_eabihelpers.a(float.o)
 .ARM.attributes
                0x0000081e       0x1c c:/nxp/mcuxpressoide_11.4.1_6260/ide/plugins/com.nxp.mcuxpresso.tools.win32_11.4.0.202103011116/tools/bin/../lib/gcc/arm-none-eabi/10.2.1/thumb/v6-m/nofp\libcr_eabihelpers.a(llong.o)
 .ARM.attributes
                0x0000083a       0x1c c:/nxp/mcuxpressoide_11.4.1_6260/ide/plugins/com.nxp.mcuxpresso.tools.win32_11.4.0.202103011116/tools/bin/../lib/gcc/arm-none-eabi/10.2.1/thumb/v6-m/nofp\libcr_eabihelpers.a(memcpy.o)
 .ARM.attributes
                0x00000856       0x31 c:/nxp/mcuxpressoide_11.4.1_6260/ide/plugins/com.nxp.mcuxpresso.tools.win32_11.4.0.202103011116/tools/bin/../lib/gcc/arm-none-eabi/10.2.1/../../../../arm-none-eabi/lib/thumb/v6-m/nofp\libcr_semihost.a(__ciob.o)
 .ARM.attributes
                0x00000887       0x1c c:/nxp/mcuxpressoide_11.4.1_6260/ide/plugins/com.nxp.mcuxpresso.tools.win32_11.4.0.202103011116/tools/bin/../lib/gcc/arm-none-eabi/10.2.1/../../../../arm-none-eabi/lib/thumb/v6-m/nofp\libcr_semihost.a(__sys_close.o)
 .ARM.attributes
                0x000008a3       0x1c c:/nxp/mcuxpressoide_11.4.1_6260/ide/plugins/com.nxp.mcuxpresso.tools.win32_11.4.0.202103011116/tools/bin/../lib/gcc/arm-none-eabi/10.2.1/../../../../arm-none-eabi/lib/thumb/v6-m/nofp\libcr_semihost.a(__sys_flen.o)
 .ARM.attributes
                0x000008bf       0x1c c:/nxp/mcuxpressoide_11.4.1_6260/ide/plugins/com.nxp.mcuxpresso.tools.win32_11.4.0.202103011116/tools/bin/../lib/gcc/arm-none-eabi/10.2.1/../../../../arm-none-eabi/lib/thumb/v6-m/nofp\libcr_semihost.a(__sys_istty.o)
 .ARM.attributes
                0x000008db       0x1c c:/nxp/mcuxpressoide_11.4.1_6260/ide/plugins/com.nxp.mcuxpresso.tools.win32_11.4.0.202103011116/tools/bin/../lib/gcc/arm-none-eabi/10.2.1/../../../../arm-none-eabi/lib/thumb/v6-m/nofp\libcr_semihost.a(__sys_remove.o)
 .ARM.attributes
                0x000008f7       0x1c c:/nxp/mcuxpressoide_11.4.1_6260/ide/plugins/com.nxp.mcuxpresso.tools.win32_11.4.0.202103011116/tools/bin/../lib/gcc/arm-none-eabi/10.2.1/../../../../arm-none-eabi/lib/thumb/v6-m/nofp\libcr_semihost.a(__sys_seek.o)
 .ARM.attributes
                0x00000913       0x1c c:/nxp/mcuxpressoide_11.4.1_6260/ide/plugins/com.nxp.mcuxpresso.tools.win32_11.4.0.202103011116/tools/bin/../lib/gcc/arm-none-eabi/10.2.1/../../../../arm-none-eabi/lib/thumb/v6-m/nofp\libcr_semihost.a(__sys_tmpnam.o)
 .ARM.attributes
                0x0000092f       0x1c c:/nxp/mcuxpressoide_11.4.1_6260/ide/plugins/com.nxp.mcuxpresso.tools.win32_11.4.0.202103011116/tools/bin/../lib/gcc/arm-none-eabi/10.2.1/../../../../arm-none-eabi/lib/thumb/v6-m/nofp\libcr_semihost.a(__sys_write.o)

.debug_frame    0x00000000      0x804
 .debug_frame   0x00000000       0xac ./src/CB_RX0.o
 .debug_frame   0x000000ac       0xcc ./src/CB_TX0.o
 .debug_frame   0x00000178       0x2c ./src/GPIO_hexapode.o
 .debug_frame   0x000001a4      0x118 ./src/MCUXpresso_cr_startup.o
 .debug_frame   0x000002bc       0x6c ./src/MRT_hexapode.o
 .debug_frame   0x00000328       0xa4 ./src/UART_hexapode.o
 .debug_frame   0x000003cc       0xcc ./src/lib_ENS_II1_lcd.o
 .debug_frame   0x00000498       0x6c ./src/main.o
 .debug_frame   0x00000504       0xec ./src/protocol.o
 .debug_frame   0x000005f0       0x74 ./src/robotCommand.o
 .debug_frame   0x00000664       0x50 ./src/system.o
 .debug_frame   0x000006b4       0x50 ./src/toolbox.o
 .debug_frame   0x00000704       0x90 C:\Users\Pierre-Alexandre\Desktop\Etudes\441 - Informatique industrielle\Code\peripherals_lib\flash\libperipherals_lib.a(i2c.o)
 .debug_frame   0x00000794       0x70 C:\Users\Pierre-Alexandre\Desktop\Etudes\441 - Informatique industrielle\Code\peripherals_lib\flash\libperipherals_lib.a(swm.o)
